Component: ARM Compiler 5.06 update 7 (build 960) Tool: armlink [4d3601]

==============================================================================

Section Cross References

    main.o(i.main) refers to delay.o(i.delay_init) for delay_init
    main.o(i.main) refers to oled.o(i.OLED_Init) for OLED_Init
    main.o(i.main) refers to misc.o(i.NVIC_PriorityGroupConfig) for NVIC_PriorityGroupConfig
    main.o(i.main) refers to usart.o(i.uart_init) for uart_init
    main.o(i.main) refers to usart3.o(i.usart3_init) for usart3_init
    main.o(i.main) refers to led.o(i.LED_Init) for LED_Init
    main.o(i.main) refers to motor.o(i.Curtain_Init) for Curtain_Init
    main.o(i.main) refers to motor.o(i.FAN_Init) for FAN_Init
    main.o(i.main) refers to beep.o(i.BEEP_Init) for BEEP_Init
    main.o(i.main) refers to dht11.o(i.DHT11_Init) for DHT11_Init
    main.o(i.main) refers to pwm.o(i.TIM3_PWM_Init) for TIM3_PWM_Init
    main.o(i.main) refers to ws2812.o(i.WS2812b_Configuration) for WS2812b_Configuration
    main.o(i.main) refers to mq2.o(i.MQ2_Init) for MQ2_Init
    main.o(i.main) refers to esp8266.o(i.ESP8266_Init) for ESP8266_Init
    main.o(i.main) refers to stm32f4xx_tim.o(i.TIM_SetCompare1) for TIM_SetCompare1
    main.o(i.main) refers to stm32f4xx_tim.o(i.TIM_SetCompare2) for TIM_SetCompare2
    main.o(i.main) refers to stm32f4xx_tim.o(i.TIM_SetCompare3) for TIM_SetCompare3
    main.o(i.main) refers to motor.o(i.Curtain_control) for Curtain_control
    main.o(i.main) refers to esp8266.o(i.ProcessMessage) for ProcessMessage
    main.o(i.main) refers to usart3.o(i.U3_ProcessMessage) for U3_ProcessMessage
    main.o(i.main) refers to esp8266.o(i.SendMessage) for SendMessage
    main.o(i.main) refers to delay.o(i.delay_ms) for delay_ms
    main.o(i.main) refers to main.o(.data) for i
    system_stm32f4xx.o(i.SystemCoreClockUpdate) refers to system_stm32f4xx.o(.data) for SystemCoreClock
    system_stm32f4xx.o(i.SystemInit) refers to system_stm32f4xx.o(i.SetSysClock) for SetSysClock
    led.o(i.LED_Init) refers to stm32f4xx_rcc.o(i.RCC_AHB1PeriphClockCmd) for RCC_AHB1PeriphClockCmd
    led.o(i.LED_Init) refers to stm32f4xx_gpio.o(i.GPIO_Init) for GPIO_Init
    dht11.o(i.DHT11_Check) refers to delay.o(i.delay_us) for delay_us
    dht11.o(i.DHT11_Init) refers to stm32f4xx_rcc.o(i.RCC_AHB1PeriphClockCmd) for RCC_AHB1PeriphClockCmd
    dht11.o(i.DHT11_Init) refers to stm32f4xx_gpio.o(i.GPIO_Init) for GPIO_Init
    dht11.o(i.DHT11_Init) refers to dht11.o(i.DHT11_Rst) for DHT11_Rst
    dht11.o(i.DHT11_Init) refers to dht11.o(i.DHT11_Check) for DHT11_Check
    dht11.o(i.DHT11_Read_Bit) refers to delay.o(i.delay_us) for delay_us
    dht11.o(i.DHT11_Read_Byte) refers to dht11.o(i.DHT11_Read_Bit) for DHT11_Read_Bit
    dht11.o(i.DHT11_Read_Data) refers to dht11.o(i.DHT11_Rst) for DHT11_Rst
    dht11.o(i.DHT11_Read_Data) refers to dht11.o(i.DHT11_Check) for DHT11_Check
    dht11.o(i.DHT11_Read_Data) refers to dht11.o(i.DHT11_Read_Byte) for DHT11_Read_Byte
    dht11.o(i.DHT11_Rst) refers to delay.o(i.delay_ms) for delay_ms
    dht11.o(i.DHT11_Rst) refers to delay.o(i.delay_us) for delay_us
    esp8266.o(i.ESP8266_Init) refers to oled.o(i.OLED_ShowString) for OLED_ShowString
    esp8266.o(i.ESP8266_Init) refers to __2printf.o(.text) for __2printf
    esp8266.o(i.ESP8266_Init) refers to delay.o(i.delay_ms) for delay_ms
    esp8266.o(i.ESP8266_Init) refers to oled.o(i.OLED_Clear) for OLED_Clear
    esp8266.o(i.ESP8266_Init) refers to esp8266.o(.conststring) for .conststring
    esp8266.o(i.ProcessMessage) refers to strncmp.o(.text) for strncmp
    esp8266.o(i.ProcessMessage) refers to strstr.o(.text) for strstr
    esp8266.o(i.ProcessMessage) refers to ws2812.o(i.RGB_WHITE) for RGB_WHITE
    esp8266.o(i.ProcessMessage) refers to usart3.o(i.u3_printf) for u3_printf
    esp8266.o(i.ProcessMessage) refers to oled.o(i.OLED_ShowString) for OLED_ShowString
    esp8266.o(i.ProcessMessage) refers to oled.o(i.OLED_ShowChinese) for OLED_ShowChinese
    esp8266.o(i.ProcessMessage) refers to oled.o(i.OLED_Refresh) for OLED_Refresh
    esp8266.o(i.ProcessMessage) refers to ws2812.o(i.RGB_WHITE1) for RGB_WHITE1
    esp8266.o(i.ProcessMessage) refers to ws2812.o(i.RGB_RED1) for RGB_RED1
    esp8266.o(i.ProcessMessage) refers to ws2812.o(i.RGB_GREEN1) for RGB_GREEN1
    esp8266.o(i.ProcessMessage) refers to ws2812.o(i.RGB_BLUE1) for RGB_BLUE1
    esp8266.o(i.ProcessMessage) refers to ws2812.o(i.RGB_YELLOW1) for RGB_YELLOW1
    esp8266.o(i.ProcessMessage) refers to ws2812.o(i.RGB_PURPLE1) for RGB_PURPLE1
    esp8266.o(i.ProcessMessage) refers to ws2812.o(i.RGB_SKY1) for RGB_SKY1
    esp8266.o(i.ProcessMessage) refers to motor.o(i.Fan_control) for Fan_control
    esp8266.o(i.ProcessMessage) refers to ws2812.o(i.rainbowCycle) for rainbowCycle
    esp8266.o(i.ProcessMessage) refers to ws2812.o(i.RGB_BLACK) for RGB_BLACK
    esp8266.o(i.ProcessMessage) refers to pwm.o(i.Meng) for Meng
[...]
    DMA1_Stream4_IRQHandler                  0x08000327   Thumb Code     0  startup_stm32f40_41xxx.o(.text)
    DMA1_Stream5_IRQHandler                  0x08000327   Thumb Code     0  startup_stm32f40_41xxx.o(.text)
    DMA1_Stream6_IRQHandler                  0x08000327   Thumb Code     0  startup_stm32f40_41xxx.o(.text)
    DMA1_Stream7_IRQHandler                  0x08000327   Thumb Code     0  startup_stm32f40_41xxx.o(.text)
    DMA2_Stream0_IRQHandler                  0x08000327   Thumb Code     0  startup_stm32f40_41xxx.o(.text)
    DMA2_Stream1_IRQHandler                  0x08000327   Thumb Code     0  startup_stm32f40_41xxx.o(.text)
    DMA2_Stream2_IRQHandler                  0x08000327   Thumb Code     0  startup_stm32f40_41xxx.o(.text)
    DMA2_Stream3_IRQHandler                  0x08000327   Thumb Code     0  startup_stm32f40_41xxx.o(.text)
    DMA2_Stream4_IRQHandler                  0x08000327   Thumb Code     0  startup_stm32f40_41xxx.o(.text)
    DMA2_Stream5_IRQHandler                  0x08000327   Thumb Code     0  startup_stm32f40_41xxx.o(.text)
    DMA2_Stream6_IRQHandler                  0x08000327   Thumb Code     0  startup_stm32f40_41xxx.o(.text)
    DMA2_Stream7_IRQHandler                  0x08000327   Thumb Code     0  startup_stm32f40_41xxx.o(.text)
    ETH_IRQHandler                           0x08000327   Thumb Code     0  startup_stm32f40_41xxx.o(.text)
    ETH_WKUP_IRQHandler                      0x08000327   Thumb Code     0  startup_stm32f40_41xxx.o(.text)
    EXTI0_IRQHandler                         0x08000327   Thumb Code     0  startup_stm32f40_41xxx.o(.text)
    EXTI15_10_IRQHandler                     0x08000327   Thumb Code     0  startup_stm32f40_41xxx.o(.text)
    EXTI1_IRQHandler                         0x08000327   Thumb Code     0  startup_stm32f40_41xxx.o(.text)
    EXTI2_IRQHandler                         0x08000327   Thumb Code     0  startup_stm32f40_41xxx.o(.text)
    EXTI3_IRQHandler                         0x08000327   Thumb Code     0  startup_stm32f40_41xxx.o(.text)
    EXTI4_IRQHandler                         0x08000327   Thumb Code     0  startup_stm32f40_41xxx.o(.text)
    EXTI9_5_IRQHandler                       0x08000327   Thumb Code     0  startup_stm32f40_41xxx.o(.text)
    FLASH_IRQHandler                         0x08000327   Thumb Code     0  startup_stm32f40_41xxx.o(.text)
    FPU_IRQHandler                           0x08000327   Thumb Code     0  startup_stm32f40_41xxx.o(.text)
    FSMC_IRQHandler                          0x08000327   Thumb Code     0  startup_stm32f40_41xxx.o(.text)
    HASH_RNG_IRQHandler                      0x08000327   Thumb Code     0  startup_stm32f40_41xxx.o(.text)
    I2C1_ER_IRQHandler                       0x08000327   Thumb Code     0  startup_stm32f40_41xxx.o(.text)
    I2C1_EV_IRQHandler                       0x08000327   Thumb Code     0  startup_stm32f40_41xxx.o(.text)
    I2C2_ER_IRQHandler                       0x08000327   Thumb Code     0  startup_stm32f40_41xxx.o(.text)
    I2C2_EV_IRQHandler                       0x08000327   Thumb Code     0  startup_stm32f40_41xxx.o(.text)
    I2C3_ER_IRQHandler                       0x08000327   Thumb Code     0  startup_stm32f40_41xxx.o(.text)
    I2C3_EV_IRQHandler                       0x08000327   Thumb Code     0  startup_stm32f40_41xxx.o(.text)
    OTG_FS_IRQHandler                        0x08000327   Thumb Code     0  startup_stm32f40_41xxx.o(.text)
    OTG_FS_WKUP_IRQHandler                   0x08000327   Thumb Code     0  startup_stm32f40_41xxx.o(.text)
    OTG_HS_EP1_IN_IRQHandler                 0x08000327   Thumb Code     0  startup_stm32f40_41xxx.o(.text)
    OTG_HS_EP1_OUT_IRQHandler                0x08000327   Thumb Code     0  startup_stm32f40_41xxx.o(.text)
    OTG_HS_IRQHandler                        0x08000327   Thumb Code     0  startup_stm32f40_41xxx.o(.text)
    OTG_HS_WKUP_IRQHandler                   0x08000327   Thumb Code     0  startup_stm32f40_41xxx.o(.text)
    PVD_IRQHandler                           0x08000327   Thumb Code     0  startup_stm32f40_41xxx.o(.text)
    RCC_IRQHandler                           0x08000327   Thumb Code     0  startup_stm32f40_41xxx.o(.text)
    RTC_Alarm_IRQHandler                     0x08000327   Thumb Code     0  startup_stm32f40_41xxx.o(.text)
    RTC_WKUP_IRQHandler                      0x08000327   Thumb Code     0  startup_stm32f40_41xxx.o(.text)
    SDIO_IRQHandler                          0x08000327   Thumb Code     0  startup_stm32f40_41xxx.o(.text)
    SPI1_IRQHandler                          0x08000327   Thumb Code     0  startup_stm32f40_41xxx.o(.text)
    SPI2_IRQHandler                          0x08000327   Thumb Code     0  startup_stm32f40_41xxx.o(.text)
    SPI3_IRQHandler                          0x08000327   Thumb Code     0  startup_stm32f40_41xxx.o(.text)
    TAMP_STAMP_IRQHandler                    0x08000327   Thumb Code     0  startup_stm32f40_41xxx.o(.text)
    TIM1_BRK_TIM9_IRQHandler                 0x08000327   Thumb Code     0  startup_stm32f40_41xxx.o(.text)
    TIM1_CC_IRQHandler                       0x08000327   Thumb Code     0  startup_stm32f40_41xxx.o(.text)
    TIM1_TRG_COM_TIM11_IRQHandler            0x08000327   Thumb Code     0  startup_stm32f40_41xxx.o(.text)
    TIM1_UP_TIM10_IRQHandler                 0x08000327   Thumb Code     0  startup_stm32f40_41xxx.o(.text)
    TIM2_IRQHandler                          0x08000327   Thumb Code     0  startup_stm32f40_41xxx.o(.text)
    TIM3_IRQHandler                          0x08000327   Thumb Code     0  startup_stm32f40_41xxx.o(.text)
    TIM4_IRQHandler                          0x08000327   Thumb Code     0  startup_stm32f40_41xxx.o(.text)
    TIM5_IRQHandler                          0x08000327   Thumb Code     0  startup_stm32f40_41xxx.o(.text)
    TIM6_DAC_IRQHandler                      0x08000327   Thumb Code     0  startup_stm32f40_41xxx.o(.text)
    TIM8_BRK_TIM12_IRQHandler                0x08000327   Thumb Code     0  startup_stm32f40_41xxx.o(.text)
    TIM8_CC_IRQHandler                       0x08000327   Thumb Code     0  startup_stm32f40_41xxx.o(.text)
    TIM8_TRG_COM_TIM14_IRQHandler            0x08000327   Thumb Code     0  startup_stm32f40_41xxx.o(.text)
    TIM8_UP_TIM13_IRQHandler                 0x08000327   Thumb Code     0  startup_stm32f40_41xxx.o(.text)
    UART4_IRQHandler                         0x08000327   Thumb Code     0  startup_stm32f40_41xxx.o(.text)
    UART5_IRQHandler                         0x08000327   Thumb Code     0  startup_stm32f40_41xxx.o(.text)
    USART2_IRQHandler                        0x08000327   Thumb Code     0  startup_stm32f40_41xxx.o(.text)
    USART6_IRQHandler                        0x08000327   Thumb Code     0  startup_stm32f40_41xxx.o(.text)
    WWDG_IRQHandler                          0x08000327   Thumb Code     0  startup_stm32f40_41xxx.o(.text)
    __user_initial_stackheap                 0x08000329   Thumb Code     0  startup_stm32f40_41xxx.o(.text)
    __use_no_semihosting                     0x0800034d   Thumb Code     2  use_no_semi_2.o(.text)
    __c89vsprintf                            0x08000351   Thumb Code    32  c89vsprintf.o(.text)
    __2printf                                0x08000375   Thumb Code    20  __2printf.o(.text)
    _printf_int_dec                          0x0800038d   Thumb Code   104  _printf_dec.o(.text)
    __printf                                 0x08000405   Thumb Code   388  __printf_flags_ss_wp.o(.text)
    srand                                    0x0800058d   Thumb Code    42  rand.o(.text)
    _rand_init                               0x080005b7   Thumb Code     4  rand.o(.text)
    strstr                                   0x080005c9   Thumb Code    36  strstr.o(.text)
    strlen                                   0x080005ed   Thumb Code    62  strlen.o(.text)
    strncmp                                  0x0800062b   Thumb Code   150  strncmp.o(.text)
    __aeabi_memclr                           0x080006c1   Thumb Code     0  rt_memclr.o(.text)
    __rt_memclr                              0x080006c1   Thumb Code    68  rt_memclr.o(.text)
    _memset                                  0x080006c5   Thumb Code     0  rt_memclr.o(.text)
    __use_two_region_memory                  0x08000705   Thumb Code     2  heapauxi.o(.text)
    __rt_heap_escrow$2region                 0x08000707   Thumb Code     2  heapauxi.o(.text)
    __rt_heap_expand$2region                 0x08000709   Thumb Code     2  heapauxi.o(.text)
    __I$use$semihosting                      0x0800070b   Thumb Code     0  use_no_semi.o(.text)
    __use_no_semihosting_swi                 0x0800070b   Thumb Code     2  use_no_semi.o(.text)
    __read_errno                             0x0800070d   Thumb Code    10  _rserrno.o(.text)
    __set_errno                              0x08000717   Thumb Code    12  _rserrno.o(.text)
    _printf_pre_padding                      0x08000723   Thumb Code    44  _printf_pad.o(.text)
    _printf_post_padding                     0x0800074f   Thumb Code    34  _printf_pad.o(.text)
    _printf_truncate_signed                  0x08000771   Thumb Code    18  _printf_truncate.o(.text)
    _printf_truncate_unsigned                0x08000783   Thumb Code    18  _printf_truncate.o(.text)
    _printf_str                              0x08000795   Thumb Code    82  _printf_str.o(.text)
    _printf_int_common                       0x080007e7   Thumb Code   178  _printf_intcommon.o(.text)
    _printf_charcount                        0x08000899   Thumb Code    40  _printf_charcount.o(.text)
    _printf_char_common                      0x080008cb   Thumb Code    32  _printf_char_common.o(.text)
    _sputc                                   0x080008f1   Thumb Code    10  _sputc.o(.text)
    _printf_char_file                        0x080008fd   Thumb Code    32  _printf_char_file.o(.text)
    _printf_wctomb                           0x08000921   Thumb Code   182  _printf_wctomb.o(.text)
    _printf_longlong_dec                     0x080009dd   Thumb Code   108  _printf_longlong_dec.o(.text)
    _printf_longlong_oct                     0x08000a59   Thumb Code    66  _printf_oct_int_ll.o(.text)
    _printf_int_oct                          0x08000a9b   Thumb Code    24  _printf_oct_int_ll.o(.text)
    _printf_ll_oct                           0x08000ab3   Thumb Code    12  _printf_oct_int_ll.o(.text)
    _printf_longlong_hex                     0x08000ac9   Thumb Code    86  _printf_hex_int_ll_ptr.o(.text)
    _printf_int_hex                          0x08000b1f   Thumb Code    28  _printf_hex_int_ll_ptr.o(.text)
    _printf_ll_hex                           0x08000b3b   Thumb Code    12  _printf_hex_int_ll_ptr.o(.text)
    _printf_hex_ptr                          0x08000b47   Thumb Code    18  _printf_hex_int_ll_ptr.o(.text)
    __aeabi_memclr4                          0x08000b5d   Thumb Code     0  rt_memclr_w.o(.text)
    __aeabi_memclr8                          0x08000b5d   Thumb Code     0  rt_memclr_w.o(.text)
    __rt_memclr_w                            0x08000b5d   Thumb Code    78  rt_memclr_w.o(.text)
    _memset_w                                0x08000b61   Thumb Code     0  rt_memclr_w.o(.text)
    __aeabi_errno_addr                       0x08000bad   Thumb Code     8  rt_errno_addr_intlibspace.o(.text)
    __errno$intlibspace                      0x08000bad   Thumb Code     0  rt_errno_addr_intlibspace.o(.text)
    __rt_errno_addr$intlibspace              0x08000bad   Thumb Code     0  rt_errno_addr_intlibspace.o(.text)
    _ll_udiv10                               0x08000bb5   Thumb Code   138  lludiv10.o(.text)
    __lib_sel_fp_printf                      0x08000c3f   Thumb Code     2  _printf_fp_dec.o(.text)
    _printf_fp_dec_real                      0x08000df1   Thumb Code   620  _printf_fp_dec.o(.text)
    _printf_cs_common                        0x0800105d   Thumb Code    20  _printf_char.o(.text)
    _printf_char                             0x08001071   Thumb Code    16  _printf_char.o(.text)
    _printf_string                           0x08001081   Thumb Code     8  _printf_char.o(.text)
    _printf_lcs_common                       0x08001089   Thumb Code    20  _printf_wchar.o(.text)
    _printf_wchar                            0x0800109d   Thumb Code    16  _printf_wchar.o(.text)
    _printf_wstring                          0x080010ad   Thumb Code     8  _printf_wchar.o(.text)
    ferror                                   0x080010b5   Thumb Code     8  ferror.o(.text)
    _wcrtomb                                 0x080010bd   Thumb Code    64  _wcrtomb.o(.text)
    __user_libspace                          0x080010fd   Thumb Code     8  libspace.o(.text)
    __user_perproc_libspace                  0x080010fd   Thumb Code     0  libspace.o(.text)
    __user_perthread_libspace                0x080010fd   Thumb Code     0  libspace.o(.text)
    __user_setup_stackheap                   0x08001105   Thumb Code    74  sys_stackheap_outer.o(.text)
    __rt_ctype_table                         0x08001151   Thumb Code    16  rt_ctype_table.o(.text)
    __rt_locale                              0x08001161   Thumb Code     8  rt_locale_intlibspace.o(.text)
    _printf_fp_infnan                        0x08001169   Thumb Code   112  _printf_fp_infnan.o(.text)
    _btod_etento                             0x080011e9   Thumb Code   224  bigflt0.o(.text)
    exit                                     0x080012cd   Thumb Code    18  exit.o(.text)
    strcmp                                   0x080012e1   Thumb Code   128  strcmpv7m.o(.text)
    _btod_d2e                                0x08001361   Thumb Code    62  btod.o(CL$$btod_d2e)
    _d2e_denorm_low                          0x0800139f   Thumb Code    70  btod.o(CL$$btod_d2e_denorm_low)
    _d2e_norm_op1                            0x080013e5   Thumb Code    96  btod.o(CL$$btod_d2e_norm_op1)
    __btod_div_common                        0x08001445   Thumb Code   696  btod.o(CL$$btod_div_common)
    _e2e                                     0x0800177d   Thumb Code   220  btod.o(CL$$btod_e2e)
    _btod_ediv                               0x08001859   Thumb Code    42  btod.o(CL$$btod_ediv)
    _btod_emul                               0x08001883   Thumb Code    42  btod.o(CL$$btod_emul)
    __btod_mult_common                       0x080018ad   Thumb Code   580  btod.o(CL$$btod_mult_common)
    ADC1_Average_Data                        0x08001af1   Thumb Code    44  mq2.o(i.ADC1_Average_Data)
    ADC_Cmd                                  0x08001b1d   Thumb Code    22  stm32f4xx_adc.o(i.ADC_Cmd)
    ADC_CommonInit                           0x08001b35   Thumb Code    34  stm32f4xx_adc.o(i.ADC_CommonInit)
    ADC_GetConversionValue                   0x08001b65   Thumb Code     8  stm32f4xx_adc.o(i.ADC_GetConversionValue)
    ADC_GetFlagStatus                        0x08001b6d   Thumb Code    18  stm32f4xx_adc.o(i.ADC_GetFlagStatus)
    ADC_Init                                 0x08001b81   Thumb Code    74  stm32f4xx_adc.o(i.ADC_Init)
    ADC_RegularChannelConfig                 0x08001bd5   Thumb Code   184  stm32f4xx_adc.o(i.ADC_RegularChannelConfig)
    ADC_SoftwareStartConv                    0x08001c8d   Thumb Code    10  stm32f4xx_adc.o(i.ADC_SoftwareStartConv)
    BEEP_Init                                0x08001c99   Thumb Code    56  beep.o(i.BEEP_Init)
    BusFault_Handler                         0x08001cd5   Thumb Code     4  stm32f4xx_it.o(i.BusFault_Handler)
    Colourful_Wheel                          0x08001cd9   Thumb Code   166  ws2812.o(i.Colourful_Wheel)
    Curtain_Init                             0x08001d81   Thumb Code    60  motor.o(i.Curtain_Init)
    Curtain_control                          0x08001dc1   Thumb Code   136  motor.o(i.Curtain_control)
    DHT11_Check                              0x08001e55   Thumb Code    88  dht11.o(i.DHT11_Check)
    DHT11_Init                               0x08001eb5   Thumb Code    56  dht11.o(i.DHT11_Init)
    DHT11_Read_Bit                           0x08001ef1   Thumb Code    70  dht11.o(i.DHT11_Read_Bit)
    DHT11_Read_Byte                          0x08001f3d   Thumb Code    30  dht11.o(i.DHT11_Read_Byte)
    DHT11_Read_Data                          0x08001f5b   Thumb Code    88  dht11.o(i.DHT11_Read_Data)
    DHT11_Rst                                0x08001fb5   Thumb Code    52  dht11.o(i.DHT11_Rst)
    DMA_ClearFlag                            0x08001ff5   Thumb Code    38  stm32f4xx_dma.o(i.DMA_ClearFlag)
    DMA_Cmd                                  0x08002029   Thumb Code    22  stm32f4xx_dma.o(i.DMA_Cmd)
    DMA_DeInit                               0x08002041   Thumb Code   324  stm32f4xx_dma.o(i.DMA_DeInit)
    DMA_GetCmdStatus                         0x08002199   Thumb Code    20  stm32f4xx_dma.o(i.DMA_GetCmdStatus)
    DMA_GetFlagStatus                        0x080021ad   Thumb Code    54  stm32f4xx_dma.o(i.DMA_GetFlagStatus)
    DMA_Init                                 0x080021f1   Thumb Code    82  stm32f4xx_dma.o(i.DMA_Init)
    DMA_SetCurrDataCounter                   0x08002249   Thumb Code     4  stm32f4xx_dma.o(i.DMA_SetCurrDataCounter)
    DebugMon_Handler                         0x0800224d   Thumb Code     2  stm32f4xx_it.o(i.DebugMon_Handler)
    ESP8266_Init                             0x08002251   Thumb Code   224  esp8266.o(i.ESP8266_Init)
    FAN_Init                                 0x080023ed   Thumb Code    60  motor.o(i.FAN_Init)
    Fan_control                              0x08002435   Thumb Code    36  motor.o(i.Fan_control)
    GPIO_Init                                0x08002461   Thumb Code   144  stm32f4xx_gpio.o(i.GPIO_Init)
    GPIO_PinAFConfig                         0x080024f1   Thumb Code    70  stm32f4xx_gpio.o(i.GPIO_PinAFConfig)
    GPIO_ResetBits                           0x08002537   Thumb Code     4  stm32f4xx_gpio.o(i.GPIO_ResetBits)
    GPIO_SetBits                             0x0800253b   Thumb Code     4  stm32f4xx_gpio.o(i.GPIO_SetBits)
    Gas_analyze                              0x08002541   Thumb Code    38  mq2.o(i.Gas_analyze)
    HardFault_Handler                        0x08002571   Thumb Code     4  stm32f4xx_it.o(i.HardFault_Handler)
    I2C_Start                                0x08002575   Thumb Code    48  oled.o(i.I2C_Start)
    I2C_Stop                                 0x080025a9   Thumb Code    32  oled.o(i.I2C_Stop)
    I2C_WaitAck                              0x080025cd   Thumb Code    40  oled.o(i.I2C_WaitAck)
    IIC_delay                                0x080025f9   Thumb Code    16  oled.o(i.IIC_delay)
    LED_Init                                 0x08002609   Thumb Code    50  led.o(i.LED_Init)
    MQ2_ADC_Read                             0x08002641   Thumb Code    30  mq2.o(i.MQ2_ADC_Read)
    MQ2_Init                                 0x08002665   Thumb Code   118  mq2.o(i.MQ2_Init)
    MemManage_Handler                        0x080026e5   Thumb Code     4  stm32f4xx_it.o(i.MemManage_Handler)
    Meng                                     0x080026e9   Thumb Code    26  pwm.o(i.Meng)
    Meng1                                    0x08002709   Thumb Code    26  pwm.o(i.Meng1)
    Meng2                                    0x08002729   Thumb Code    26  pwm.o(i.Meng2)
    NMI_Handler                              0x08002749   Thumb Code     2  stm32f4xx_it.o(i.NMI_Handler)
    NVIC_Init                                0x0800274d   Thumb Code   106  misc.o(i.NVIC_Init)
    NVIC_PriorityGroupConfig                 0x080027c5   Thumb Code    10  misc.o(i.NVIC_PriorityGroupConfig)
    OLED_Clear                               0x080027d9   Thumb Code    42  oled.o(i.OLED_Clear)
    OLED_DrawPoint                           0x08002809   Thumb Code   114  oled.o(i.OLED_DrawPoint)
    OLED_Init                                0x08002881   Thumb Code   274  oled.o(i.OLED_Init)
    OLED_Refresh                             0x08002999   Thumb Code   100  oled.o(i.OLED_Refresh)
    OLED_ShowChar                            0x08002a01   Thumb Code   300  oled.o(i.OLED_ShowChar)
    OLED_ShowChinese                         0x08002b3d   Thumb Code   244  oled.o(i.OLED_ShowChinese)
    OLED_ShowString                          0x08002c41   Thumb Code    78  oled.o(i.OLED_ShowString)
    OLED_WR_Byte                             0x08002c8f   Thumb Code    56  oled.o(i.OLED_WR_Byte)
    PendSV_Handler                           0x08002cc7   Thumb Code     2  stm32f4xx_it.o(i.PendSV_Handler)
    ProcessMessage                           0x08002cc9   Thumb Code  2040  esp8266.o(i.ProcessMessage)
    RCC_AHB1PeriphClockCmd                   0x080035e9   Thumb Code    26  stm32f4xx_rcc.o(i.RCC_AHB1PeriphClockCmd)
    RCC_APB1PeriphClockCmd                   0x08003609   Thumb Code    26  stm32f4xx_rcc.o(i.RCC_APB1PeriphClockCmd)
    RCC_APB1PeriphResetCmd                   0x08003629   Thumb Code    26  stm32f4xx_rcc.o(i.RCC_APB1PeriphResetCmd)
    RCC_APB2PeriphClockCmd                   0x08003649   Thumb Code    26  stm32f4xx_rcc.o(i.RCC_APB2PeriphClockCmd)
    RCC_APB2PeriphResetCmd                   0x08003669   Thumb Code    26  stm32f4xx_rcc.o(i.RCC_APB2PeriphResetCmd)
    RCC_GetClocksFreq                        0x08003689   Thumb Code   214  stm32f4xx_rcc.o(i.RCC_GetClocksFreq)
    RGB_BLACK                                0x08003771   Thumb Code    44  ws2812.o(i.RGB_BLACK)
    RGB_BLUE                                 0x080037a1   Thumb Code    44  ws2812.o(i.RGB_BLUE)
    RGB_BLUE1                                0x080037d1   Thumb Code    44  ws2812.o(i.RGB_BLUE1)
    RGB_BLUE_Breathe                         0x08003801   Thumb Code   118  ws2812.o(i.RGB_BLUE_Breathe)
    RGB_GREEN                                0x0800387d   Thumb Code    44  ws2812.o(i.RGB_GREEN)
    RGB_GREEN1                               0x080038ad   Thumb Code    44  ws2812.o(i.RGB_GREEN1)
    RGB_GREEN_Breathe                        0x080038dd   Thumb Code   118  ws2812.o(i.RGB_GREEN_Breathe)
    RGB_MAGENTA                              0x08003959   Thumb Code    44  ws2812.o(i.RGB_MAGENTA)
    RGB_ORANGE                               0x08003989   Thumb Code    44  ws2812.o(i.RGB_ORANGE)
    RGB_PURPLE                               0x080039b9   Thumb Code    44  ws2812.o(i.RGB_PURPLE)
    RGB_PURPLE1                              0x080039e9   Thumb Code    44  ws2812.o(i.RGB_PURPLE1)
    RGB_PURPLE_Breathe                       0x08003a19   Thumb Code   122  ws2812.o(i.RGB_PURPLE_Breathe)
    RGB_RED                                  0x08003a99   Thumb Code    44  ws2812.o(i.RGB_RED)
    RGB_RED1                                 0x08003ac9   Thumb Code    44  ws2812.o(i.RGB_RED1)
    RGB_RED_Breathe                          0x08003af9   Thumb Code   118  ws2812.o(i.RGB_RED_Breathe)
    RGB_SKY                                  0x08003b75   Thumb Code    44  ws2812.o(i.RGB_SKY)
    RGB_SKY1                                 0x08003ba5   Thumb Code    44  ws2812.o(i.RGB_SKY1)
    RGB_SKY_Breathe                          0x08003bd5   Thumb Code   122  ws2812.o(i.RGB_SKY_Breathe)
    RGB_WHITE                                0x08003c55   Thumb Code    44  ws2812.o(i.RGB_WHITE)
    RGB_WHITE1                               0x08003c85   Thumb Code    44  ws2812.o(i.RGB_WHITE1)
    RGB_WHITE_Breathe                        0x08003cb5   Thumb Code   126  ws2812.o(i.RGB_WHITE_Breathe)
    RGB_YELLOW                               0x08003d39   Thumb Code    44  ws2812.o(i.RGB_YELLOW)
    RGB_YELLOW1                              0x08003d69   Thumb Code    44  ws2812.o(i.RGB_YELLOW1)
    RGB_YELLOW_Breathe                       0x08003d99   Thumb Code   122  ws2812.o(i.RGB_YELLOW_Breathe)
    Random_Light                             0x08003e19   Thumb Code    54  ws2812.o(i.Random_Light)
    Random_zm                                0x08003e51   Thumb Code    52  ws2812.o(i.Random_zm)
    SPI_Cmd                                  0x08003e89   Thumb Code    24  stm32f4xx_spi.o(i.SPI_Cmd)
    SPI_I2S_DMACmd                           0x08003ea1   Thumb Code    18  stm32f4xx_spi.o(i.SPI_I2S_DMACmd)
    SPI_Init                                 0x08003eb3   Thumb Code    60  stm32f4xx_spi.o(i.SPI_Init)
    SVC_Handler                              0x08003eef   Thumb Code     2  stm32f4xx_it.o(i.SVC_Handler)
    SendMessage                              0x08003ef1   Thumb Code   332  esp8266.o(i.SendMessage)
    Send_Byte                                0x0800407d   Thumb Code    70  oled.o(i.Send_Byte)
    Smog_GetPPM                              0x080041b5   Thumb Code   122  mq2.o(i.Smog_GetPPM)
    Smog_Get_Vol                             0x08004245   Thumb Code    74  mq2.o(i.Smog_Get_Vol)
    SysTick_CLKSourceConfig                  0x0800429d   Thumb Code    40  misc.o(i.SysTick_CLKSourceConfig)
    SysTick_Handler                          0x080042c5   Thumb Code     2  stm32f4xx_it.o(i.SysTick_Handler)
    SystemInit                               0x080042c9   Thumb Code    88  system_stm32f4xx.o(i.SystemInit)
    TIM3_PWM_Init                            0x08004331   Thumb Code   188  pwm.o(i.TIM3_PWM_Init)
    TIM7_IRQHandler                          0x080043f5   Thumb Code    42  timer.o(i.TIM7_IRQHandler)
    TIM7_Int_Init                            0x08004429   Thumb Code    78  timer.o(i.TIM7_Int_Init)
    TIM_ARRPreloadConfig                     0x0800447d   Thumb Code    24  stm32f4xx_tim.o(i.TIM_ARRPreloadConfig)
    TIM_ClearITPendingBit                    0x08004495   Thumb Code     6  stm32f4xx_tim.o(i.TIM_ClearITPendingBit)
    TIM_Cmd                                  0x0800449b   Thumb Code    24  stm32f4xx_tim.o(i.TIM_Cmd)
    TIM_GetITStatus                          0x080044b3   Thumb Code    34  stm32f4xx_tim.o(i.TIM_GetITStatus)
    TIM_ITConfig                             0x080044d5   Thumb Code    18  stm32f4xx_tim.o(i.TIM_ITConfig)
    TIM_OC1Init                              0x080044e9   Thumb Code   114  stm32f4xx_tim.o(i.TIM_OC1Init)
    TIM_OC1PreloadConfig                     0x08004565   Thumb Code    18  stm32f4xx_tim.o(i.TIM_OC1PreloadConfig)
    TIM_OC2Init                              0x08004579   Thumb Code   154  stm32f4xx_tim.o(i.TIM_OC2Init)
    TIM_OC3Init                              0x0800461d   Thumb Code   150  stm32f4xx_tim.o(i.TIM_OC3Init)
    TIM_SetCompare1                          0x080046bd   Thumb Code     4  stm32f4xx_tim.o(i.TIM_SetCompare1)
    TIM_SetCompare2                          0x080046c1   Thumb Code     4  stm32f4xx_tim.o(i.TIM_SetCompare2)
    TIM_SetCompare3                          0x080046c5   Thumb Code     4  stm32f4xx_tim.o(i.TIM_SetCompare3)
    TIM_SetCounter                           0x080046c9   Thumb Code     4  stm32f4xx_tim.o(i.TIM_SetCounter)
    TIM_TimeBaseInit                         0x080046cd   Thumb Code   104  stm32f4xx_tim.o(i.TIM_TimeBaseInit)
    U3_ProcessMessage                        0x08004751   Thumb Code  2286  usart3.o(i.U3_ProcessMessage)
    USART1_IRQHandler                        0x080051b5   Thumb Code   122  usart.o(i.USART1_IRQHandler)
    USART3_IRQHandler                        0x0800523d   Thumb Code    94  usart3.o(i.USART3_IRQHandler)
    USART_Cmd                                0x080052ad   Thumb Code    24  stm32f4xx_usart.o(i.USART_Cmd)
    USART_DeInit                             0x080052c5   Thumb Code   206  stm32f4xx_usart.o(i.USART_DeInit)
    USART_GetFlagStatus                      0x080053b5   Thumb Code    26  stm32f4xx_usart.o(i.USART_GetFlagStatus)
    USART_GetITStatus                        0x080053cf   Thumb Code    84  stm32f4xx_usart.o(i.USART_GetITStatus)
    USART_ITConfig                           0x08005423   Thumb Code    74  stm32f4xx_usart.o(i.USART_ITConfig)
    USART_Init                               0x0800546d   Thumb Code   204  stm32f4xx_usart.o(i.USART_Init)
    USART_ReceiveData                        0x08005541   Thumb Code    10  stm32f4xx_usart.o(i.USART_ReceiveData)
    USART_SendData                           0x0800554b   Thumb Code     8  stm32f4xx_usart.o(i.USART_SendData)
    UsageFault_Handler                       0x08005553   Thumb Code     4  stm32f4xx_it.o(i.UsageFault_Handler)
    WS2812b_Configuration                    0x08005559   Thumb Code   302  ws2812.o(i.WS2812b_Configuration)
    WarmLight                                0x08005699   Thumb Code    60  ws2812.o(i.WarmLight)
    __ARM_fpclassify                         0x080056dd   Thumb Code    48  fpclassify.o(i.__ARM_fpclassify)
    __hardfp_pow                             0x08005711   Thumb Code  3072  pow.o(i.__hardfp_pow)
    __kernel_poly                            0x08006361   Thumb Code   248  poly.o(i.__kernel_poly)
    __mathlib_dbl_divzero                    0x08006459   Thumb Code    28  dunder.o(i.__mathlib_dbl_divzero)
    __mathlib_dbl_infnan2                    0x08006489   Thumb Code    20  dunder.o(i.__mathlib_dbl_infnan2)
    __mathlib_dbl_invalid                    0x080064a1   Thumb Code    24  dunder.o(i.__mathlib_dbl_invalid)
    __mathlib_dbl_overflow                   0x080064c1   Thumb Code    24  dunder.o(i.__mathlib_dbl_overflow)
    __mathlib_dbl_underflow                  0x080064e1   Thumb Code    24  dunder.o(i.__mathlib_dbl_underflow)
    _is_digit                                0x08006501   Thumb Code    14  __printf_wp.o(i._is_digit)
    _sys_exit                                0x0800650f   Thumb Code     4  usart.o(i._sys_exit)
    blue                                     0x08006515   Thumb Code    52  ws2812.o(i.blue)
    delay_init                               0x0800654d   Thumb Code    52  delay.o(i.delay_init)
    delay_ms                                 0x08006589   Thumb Code    56  delay.o(i.delay_ms)
    delay_us                                 0x080065c1   Thumb Code    72  delay.o(i.delay_us)
    delay_xms                                0x0800660d   Thumb Code    72  delay.o(i.delay_xms)
    fabs                                     0x08006659   Thumb Code    24  fabs.o(i.fabs)
    fputc                                    0x08006671   Thumb Code    22  usart.o(i.fputc)
    green                                    0x0800668d   Thumb Code    52  ws2812.o(i.green)
    magenta                                  0x080066c5   Thumb Code    52  ws2812.o(i.magenta)
    main                                     0x080066fd   Thumb Code   156  main.o(i.main)
    orange                                   0x080067a1   Thumb Code    52  ws2812.o(i.orange)
    purple                                   0x080067d9   Thumb Code    52  ws2812.o(i.purple)
    qchxd                                    0x08006811   Thumb Code    94  ws2812.o(i.qchxd)
    rainbowCycle                             0x0800686f   Thumb Code    78  ws2812.o(i.rainbowCycle)
    red                                      0x080068bd   Thumb Code    52  ws2812.o(i.red)
    rgb_SendArray                            0x080068f5   Thumb Code    70  ws2812.o(i.rgb_SendArray)
    rgb_SetColor                             0x08006949   Thumb Code   158  ws2812.o(i.rgb_SetColor)
    sky                                      0x08006a05   Thumb Code    52  ws2812.o(i.sky)
    sqrt                                     0x08006a3d   Thumb Code   110  sqrt.o(i.sqrt)
    u3_printf                                0x08006aad   Thumb Code    72  usart3.o(i.u3_printf)
    uart_init                                0x08006afd   Thumb Code   164  usart.o(i.uart_init)
    usart3_init                              0x08006ba9   Thumb Code   198  usart3.o(i.usart3_init)
    white                                    0x08006c81   Thumb Code    52  ws2812.o(i.white)
    zmd                                      0x08006cb9   Thumb Code    64  ws2812.o(i.zmd)
    _get_lc_numeric                          0x08006cf9   Thumb Code    44  lc_numeric_c.o(locale$$code)
    _get_lc_ctype                            0x08006d25   Thumb Code    44  lc_ctype_c.o(locale$$code)
    __aeabi_dneg                             0x08006d51   Thumb Code     0  basic.o(x$fpl$basic)
    _dneg                                    0x08006d51   Thumb Code     6  basic.o(x$fpl$basic)
    __aeabi_fneg                             0x08006d57   Thumb Code     0  basic.o(x$fpl$basic)
    _fneg                                    0x08006d57   Thumb Code     6  basic.o(x$fpl$basic)
    _dabs                                    0x08006d5d   Thumb Code     6  basic.o(x$fpl$basic)
    _fabs                                    0x08006d63   Thumb Code     6  basic.o(x$fpl$basic)
    __aeabi_d2f                              0x08006d69   Thumb Code     0  d2f.o(x$fpl$d2f)
    _d2f                                     0x08006d69   Thumb Code    98  d2f.o(x$fpl$d2f)
    __aeabi_dadd                             0x08006dcd   Thumb Code     0  daddsub_clz.o(x$fpl$dadd)
    _dadd                                    0x08006dcd   Thumb Code   332  daddsub_clz.o(x$fpl$dadd)
    __fpl_dcheck_NaN1                        0x08006f1d   Thumb Code    10  dcheck1.o(x$fpl$dcheck1)
    __fpl_dcmp_Inf                           0x08006f2d   Thumb Code    24  dcmpi.o(x$fpl$dcmpinf)
    __aeabi_ddiv                             0x08006f45   Thumb Code     0  ddiv.o(x$fpl$ddiv)
    _ddiv                                    0x08006f45   Thumb Code   552  ddiv.o(x$fpl$ddiv)
    __aeabi_i2d                              0x080071f5   Thumb Code     0  dflt_clz.o(x$fpl$dflt)
    _dflt                                    0x080071f5   Thumb Code    46  dflt_clz.o(x$fpl$dflt)
    __aeabi_ui2d                             0x08007223   Thumb Code     0  dflt_clz.o(x$fpl$dfltu)
    _dfltu                                   0x08007223   Thumb Code    38  dflt_clz.o(x$fpl$dfltu)
    __aeabi_cdcmple                          0x08007249   Thumb Code     0  dleqf.o(x$fpl$dleqf)
    _dcmple                                  0x08007249   Thumb Code   120  dleqf.o(x$fpl$dleqf)
    __fpl_dcmple_InfNaN                      0x080072ab   Thumb Code     0  dleqf.o(x$fpl$dleqf)
    __aeabi_dmul                             0x080072c1   Thumb Code     0  dmul.o(x$fpl$dmul)
    _dmul                                    0x080072c1   Thumb Code   332  dmul.o(x$fpl$dmul)
    __fpl_dnaninf                            0x08007415   Thumb Code   156  dnaninf.o(x$fpl$dnaninf)
    __fpl_dretinf                            0x080074b1   Thumb Code    12  dretinf.o(x$fpl$dretinf)
    __aeabi_cdrcmple                         0x080074bd   Thumb Code     0  drleqf.o(x$fpl$drleqf)
    _drcmple                                 0x080074bd   Thumb Code   108  drleqf.o(x$fpl$drleqf)
    __aeabi_drsub                            0x08007529   Thumb Code     0  daddsub_clz.o(x$fpl$drsb)
    _drsb                                    0x08007529   Thumb Code    22  daddsub_clz.o(x$fpl$drsb)
    _dsqrt                                   0x08007541   Thumb Code   404  dsqrt_umaal.o(x$fpl$dsqrt)
    __aeabi_dsub                             0x080076d9   Thumb Code     0  daddsub_clz.o(x$fpl$dsub)
    _dsub                                    0x080076d9   Thumb Code   464  daddsub_clz.o(x$fpl$dsub)
    __aeabi_f2d                              0x080078ad   Thumb Code     0  f2d.o(x$fpl$f2d)
    _f2d                                     0x080078ad   Thumb Code    86  f2d.o(x$fpl$f2d)
    __fpl_fnaninf                            0x08007903   Thumb Code   140  fnaninf.o(x$fpl$fnaninf)
    _fp_init                                 0x0800798f   Thumb Code    10  fpinit.o(x$fpl$fpinit)
    __fplib_config_fpu_vfp                   0x08007997   Thumb Code     0  fpinit.o(x$fpl$fpinit)
    __fplib_config_pureend_doubles           0x08007997   Thumb Code     0  fpinit.o(x$fpl$fpinit)
    __fpl_fretinf                            0x08007999   Thumb Code    10  fretinf.o(x$fpl$fretinf)
    _printf_fp_dec                           0x080079a3   Thumb Code     4  printf1.o(x$fpl$printf1)
    __fpl_return_NaN                         0x080079a7   Thumb Code   100  retnan.o(x$fpl$retnan)
    __ARM_scalbn                             0x08007a0b   Thumb Code    92  scalbn.o(x$fpl$scalbn)
    __fpl_cmpreturn                          0x08007a67   Thumb Code    48  trapv.o(x$fpl$trapveneer)
    WHITE1                                   0x08007a96   Data           3  ws2812.o(.constdata)
    __I$use$fp                               0x08007a96   Number         0  usenofp.o(x$fpl$usenofp)
    RED1                                     0x08007a99   Data           3  ws2812.o(.constdata)
    GREEN1                                   0x08007a9c   Data           3  ws2812.o(.constdata)
    BLUE1                                    0x08007a9f   Data           3  ws2812.o(.constdata)
    YELLOW1                                  0x08007aa2   Data           3  ws2812.o(.constdata)
    PURPLE1                                  0x08007aa5   Data           3  ws2812.o(.constdata)
    SKY1                                     0x08007aa8   Data           3  ws2812.o(.constdata)
    WHITE                                    0x08007aab   Data           3  ws2812.o(.constdata)
    RED                                      0x08007aae   Data           3  ws2812.o(.constdata)
    GREEN                                    0x08007ab1   Data           3  ws2812.o(.constdata)
    BLUE                                     0x08007ab4   Data           3  ws2812.o(.constdata)
    YELLOW                                   0x08007ab7   Data           3  ws2812.o(.constdata)
    PURPLE                                   0x08007aba   Data           3  ws2812.o(.constdata)
    SKY                                      0x08007abd   Data           3  ws2812.o(.constdata)
    BLACK                                    0x08007ac0   Data           3  ws2812.o(.constdata)
    ORANGE                                   0x08007ac3   Data           3  ws2812.o(.constdata)
    MAGENTA                                  0x08007ac6   Data           3  ws2812.o(.constdata)
    asc2_0806                                0x08007ac9   Data         552  oled.o(.constdata)
    asc2_1206                                0x08007cf1   Data        1140  oled.o(.constdata)
    asc2_1608                                0x08008165   Data        1520  oled.o(.constdata)
    asc2_2412                                0x08008755   Data        3420  oled.o(.constdata)
    Hzk1                                     0x080094b1   Data         576  oled.o(.constdata)
    Hzk2                                     0x080096f1   Data          72  oled.o(.constdata)
    Hzk3                                     0x08009739   Data         128  oled.o(.constdata)
    Hzk4                                     0x080097b9   Data         512  oled.o(.constdata)
    __mathlib_zero                           0x08009a88   Data           8  qnan.o(.constdata)
    Region$$Table$$Base                      0x08009e70   Number         0  anon$$obj.o(Region$$Table)
    Region$$Table$$Limit                     0x08009e90   Number         0  anon$$obj.o(Region$$Table)
    __ctype                                  0x08009eb9   Data           0  lc_ctype_c.o(locale$$data)
    i                                        0x20000000   Data           4  main.o(.data)
    PowerMode                                0x20000004   Data           2  esp8266.o(.data)
    Temp                                     0x20000006   Data           1  esp8266.o(.data)
    Humidity                                 0x20000007   Data           1  esp8266.o(.data)
    Door                                     0x20000008   Data           1  esp8266.o(.data)
    Bedroom                                  0x20000009   Data           1  esp8266.o(.data)
    Guest                                    0x2000000a   Data           1  esp8266.o(.data)
    Curtain                                  0x2000000b   Data           1  esp8266.o(.data)
    Fan                                      0x2000000c   Data           1  esp8266.o(.data)
    Gas                                      0x2000000d   Data           1  esp8266.o(.data)
    temp                                     0x2000000e   Data           2  usart3.o(.data)
    USART3_RX_STA                            0x20000010   Data           2  usart3.o(.data)
    count                                    0x20000014   Data           4  ws2812.o(.data)
    HHH0                                     0x20000018   Data           3  ws2812.o(.data)
    TESTMQ2                                  0x2000001c   Data           4  mq2.o(.data)
    Curtain_Flag                             0x20000020   Data           1  motor.o(.data)
    __stdout                                 0x20000028   Data           4  usart.o(.data)
    USART_RX_STA                             0x2000002c   Data           2  usart.o(.data)
    USART3_TX_BUF                            0x20000040   Data          50  usart3.o(.bss)
    USART3_RX_BUF                            0x20000072   Data          50  usart3.o(.bss)
    OLED_GRAM                                0x20000ac4   Data        1152  oled.o(.bss)
    USART_RX_BUF                             0x20000f44   Data         200  usart.o(.bss)
    _random_number_data                      0x2000100c   Data         228  rand.o(.bss)
    __libspace_start                         0x200010f0   Data          96  libspace.o(.bss)
    __temporary_stack_top$libspace           0x20001150   Data           0  libspace.o(.bss)



==============================================================================

Memory Map of the image

  Image Entry point : 0x08000189

  Load Region LR_IROM1 (Base: 0x08000000, Size: 0x00009ffc, Max: 0x00100000, ABSOLUTE)

    Execution Region ER_IROM1 (Exec base: 0x08000000, Load base: 0x08000000, Size: 0x00009fbc, Max: 0x00100000, ABSOLUTE)

    Exec Addr    Load Addr    Size         Type   Attr      Idx    E Section Name        Object

    0x08000000   0x08000000   0x00000188   Data   RO         1232    RESET               startup_stm32f40_41xxx.o
    0x08000188   0x08000188   0x00000008   Code   RO         3104  * !!!main             c_w.l(__main.o)
    0x08000190   0x08000190   0x00000034   Code   RO         3502    !!!scatter          c_w.l(__scatter.o)
    0x080001c4   0x080001c4   0x0000001a   Code   RO         3504    !!handler_copy      c_w.l(__scatter_copy.o)
    0x080001de   0x080001de   0x00000002   PAD
    0x080001e0   0x080001e0   0x0000001c   Code   RO         3506    !!handler_zi        c_w.l(__scatter_zi.o)
    0x080001fc   0x080001fc   0x00000000   Code   RO         3088    .ARM.Collect$$_printf_percent$$00000000  c_w.l(_printf_percent.o)
    0x080001fc   0x080001fc   0x00000006   Code   RO         3187    .ARM.Collect$$_printf_percent$$00000001  c_w.l(_printf_n.o)
    0x08000202   0x08000202   0x00000006   Code   RO         3189    .ARM.Collect$$_printf_percent$$00000002  c_w.l(_printf_p.o)
    0x08000208   0x08000208   0x00000006   Code   RO         3193    .ARM.Collect$$_printf_percent$$00000003  c_w.l(_printf_f.o)
    0x0800020e   0x0800020e   0x00000006   Code   RO         3194    .ARM.Collect$$_printf_percent$$00000004  c_w.l(_printf_e.o)
    0x08000214   0x08000214   0x00000006   Code   RO         3195    .ARM.Collect$$_printf_percent$$00000005  c_w.l(_printf_g.o)
    0x0800021a   0x0800021a   0x00000006   Code   RO         3196    .ARM.Collect$$_printf_percent$$00000006  c_w.l(_printf_a.o)
    0x08000220   0x08000220   0x0000000a   Code   RO         3201    .ARM.Collect$$_printf_percent$$00000007  c_w.l(_printf_ll.o)
    0x0800022a   0x0800022a   0x00000006   Code   RO         3191    .ARM.Collect$$_printf_percent$$00000008  c_w.l(_printf_i.o)
    0x08000230   0x08000230   0x00000006   Code   RO         3087    .ARM.Collect$$_printf_percent$$00000009  c_w.l(_printf_d.o)
    0x08000236   0x08000236   0x00000006   Code   RO         3192    .ARM.Collect$$_printf_percent$$0000000A  c_w.l(_printf_u.o)
    0x0800023c   0x0800023c   0x00000006   Code   RO         3190    .ARM.Collect$$_printf_percent$$0000000B  c_w.l(_printf_o.o)
    0x08000242   0x08000242   0x00000006   Code   RO         3188    .ARM.Collect$$_printf_percent$$0000000C  c_w.l(_printf_x.o)
    0x08000248   0x08000248   0x00000006   Code   RO         3198    .ARM.Collect$$_printf_percent$$0000000D  c_w.l(_printf_lli.o)
    0x0800024e   0x0800024e   0x00000006   Code   RO         3199    .ARM.Collect$$_printf_percent$$0000000E  c_w.l(_printf_lld.o)
    0x08000254   0x08000254   0x00000006   Code   RO         3200    .ARM.Collect$$_printf_percent$$0000000F  c_w.l(_printf_llu.o)
    0x0800025a   0x0800025a   0x00000006   Code   RO         3205    .ARM.Collect$$_printf_percent$$00000010  c_w.l(_printf_llo.o)
    0x08000260   0x08000260   0x00000006   Code   RO         3206    .ARM.Collect$$_printf_percent$$00000011  c_w.l(_printf_llx.o)
    0x08000266   0x08000266   0x0000000a   Code   RO         3202    .ARM.Collect$$_printf_percent$$00000012  c_w.l(_printf_l.o)
    0x08000270   0x08000270   0x00000006   Code   RO         3185    .ARM.Collect$$_printf_percent$$00000013  c_w.l(_printf_c.o)
    0x08000276   0x08000276   0x00000006   Code   RO         3186    .ARM.Collect$$_printf_percent$$00000014  c_w.l(_printf_s.o)
    0x0800027c   0x0800027c   0x00000006   Code   RO         3203    .ARM.Collect$$_printf_percent$$00000015  c_w.l(_printf_lc.o)
    0x08000282   0x08000282   0x00000006   Code   RO         3204    .ARM.Collect$$_printf_percent$$00000016  c_w.l(_printf_ls.o)
    0x08000288   0x08000288   0x00000004   Code   RO         3197    .ARM.Collect$$_printf_percent$$00000017  c_w.l(_printf_percent_end.o)
    0x0800028c   0x0800028c   0x00000002   Code   RO         3417    .ARM.Collect$$libinit$$00000000  c_w.l(libinit.o)
    0x0800028e   0x0800028e   0x00000004   Code   RO         3209    .ARM.Collect$$libinit$$00000001  c_w.l(libinit2.o)
    0x08000292   0x08000292   0x00000000   Code   RO         3212    .ARM.Collect$$libinit$$00000004  c_w.l(libinit2.o)
    0x08000292   0x08000292   0x00000000   Code   RO         3215    .ARM.Collect$$libinit$$0000000A  c_w.l(libinit2.o)
    0x08000292   0x08000292   0x00000000   Code   RO         3217    .ARM.Collect$$libinit$$0000000C  c_w.l(libinit2.o)
    0x08000292   0x08000292   0x00000004   Code   RO         3218    .ARM.Collect$$libinit$$0000000D  c_w.l(libinit2.o)
    0x08000296   0x08000296   0x00000000   Code   RO         3219    .ARM.Collect$$libinit$$0000000E  c_w.l(libinit2.o)
    0x08000296   0x08000296   0x00000006   Code   RO         3220    .ARM.Collect$$libinit$$0000000F  c_w.l(libinit2.o)
    0x0800029c   0x0800029c   0x00000000   Code   RO         3222    .ARM.Collect$$libinit$$00000011  c_w.l(libinit2.o)
    0x0800029c   0x0800029c   0x0000000c   Code   RO         3223    .ARM.Collect$$libinit$$00000012  c_w.l(libinit2.o)
    0x080002a8   0x080002a8   0x00000000   Code   RO         3224    .ARM.Collect$$libinit$$00000013  c_w.l(libinit2.o)
    0x080002a8   0x080002a8   0x00000000   Code   RO         3226    .ARM.Collect$$libinit$$00000015  c_w.l(libinit2.o)
    0x080002a8   0x080002a8   0x0000000a   Code   RO         3227    .ARM.Collect$$libinit$$00000016  c_w.l(libinit2.o)
    0x080002b2   0x080002b2   0x00000000   Code   RO         3228    .ARM.Collect$$libinit$$00000017  c_w.l(libinit2.o)
    0x080002b2   0x080002b2   0x00000000   Code   RO         3230    .ARM.Collect$$libinit$$00000019  c_w.l(libinit2.o)
    0x080002b2   0x080002b2   0x00000000   Code   RO         3232    .ARM.Collect$$libinit$$0000001B  c_w.l(libinit2.o)
    0x080002b2   0x080002b2   0x00000000   Code   RO         3234    .ARM.Collect$$libinit$$0000001D  c_w.l(libinit2.o)
    0x080002b2   0x080002b2   0x00000000   Code   RO         3236    .ARM.Collect$$libinit$$0000001F  c_w.l(libinit2.o)
    0x080002b2   0x080002b2   0x00000000   Code   RO         3238    .ARM.Collect$$libinit$$00000021  c_w.l(libinit2.o)
    0x080002b2   0x080002b2   0x00000000   Code   RO         3240    .ARM.Collect$$libinit$$00000023  c_w.l(libinit2.o)
    0x080002b2   0x080002b2   0x00000000   Code   RO         3242    .ARM.Collect$$libinit$$00000025  c_w.l(libinit2.o)
    0x080002b2   0x080002b2   0x00000000   Code   RO         3246    .ARM.Collect$$libinit$$0000002C  c_w.l(libinit2.o)
    0x080002b2   0x080002b2   0x00000000   Code   RO         3248    .ARM.Collect$$libinit$$0000002E  c_w.l(libinit2.o)
    0x080002b2   0x080002b2   0x00000000   Code   RO         3250    .ARM.Collect$$libinit$$00000030  c_w.l(libinit2.o)
    0x080002b2   0x080002b2   0x00000000   Code   RO         3252    .ARM.Collect$$libinit$$00000032  c_w.l(libinit2.o)
    0x080002b2   0x080002b2   0x00000002   Code   RO         3253    .ARM.Collect$$libinit$$00000033  c_w.l(libinit2.o)
    0x080002b4   0x080002b4   0x00000002   Code   RO         3461    .ARM.Collect$$libshutdown$$00000000  c_w.l(libshutdown.o)
    0x080002b6   0x080002b6   0x00000000   Code   RO         3467    .ARM.Collect$$libshutdown$$00000002  c_w.l(libshutdown2.o)
    0x080002b6   0x080002b6   0x00000000   Code   RO         3469    .ARM.Collect$$libshutdown$$00000004  c_w.l(libshutdown2.o)
    0x080002b6   0x080002b6   0x00000000   Code   RO         3471    .ARM.Collect$$libshutdown$$00000006  c_w.l(libshutdown2.o)
    0x080002b6   0x080002b6   0x00000000   Code   RO         3474    .ARM.Collect$$libshutdown$$00000009  c_w.l(libshutdown2.o)
    0x080002b6   0x080002b6   0x00000000   Code   RO         3477    .ARM.Collect$$libshutdown$$0000000C  c_w.l(libshutdown2.o)
    0x080002b6   0x080002b6   0x00000000   Code   RO         3479    .ARM.Collect$$libshutdown$$0000000E  c_w.l(libshutdown2.o)
    0x080002b6   0x080002b6   0x00000000   Code   RO         3482    .ARM.Collect$$libshutdown$$00000011  c_w.l(libshutdown2.o)
    0x080002b6   0x080002b6   0x00000002   Code   RO         3483    .ARM.Collect$$libshutdown$$00000012  c_w.l(libshutdown2.o)
    0x080002b8   0x080002b8   0x00000000   Code   RO         3134    .ARM.Collect$$rtentry$$00000000  c_w.l(__rtentry.o)
    0x080002b8   0x080002b8   0x00000000   Code   RO         3319    .ARM.Collect$$rtentry$$00000002  c_w.l(__rtentry2.o)
    0x080002b8   0x080002b8   0x00000006   Code   RO         3331    .ARM.Collect$$rtentry$$00000004  c_w.l(__rtentry4.o)
    0x080002be   0x080002be   0x00000000   Code   RO         3321    .ARM.Collect$$rtentry$$00000009  c_w.l(__rtentry2.o)
    0x080002be   0x080002be   0x00000004   Code   RO         3322    .ARM.Collect$$rtentry$$0000000A  c_w.l(__rtentry2.o)
    0x080002c2   0x080002c2   0x00000000   Code   RO         3324    .ARM.Collect$$rtentry$$0000000C  c_w.l(__rtentry2.o)
    0x080002c2   0x080002c2   0x00000008   Code   RO         3325    .ARM.Collect$$rtentry$$0000000D  c_w.l(__rtentry2.o)
    0x080002ca   0x080002ca   0x00000002   Code   RO         3426    .ARM.Collect$$rtexit$$00000000  c_w.l(rtexit.o)
    0x080002cc   0x080002cc   0x00000000   Code   RO         3443    .ARM.Collect$$rtexit$$00000002  c_w.l(rtexit2.o)
    0x080002cc   0x080002cc   0x00000004   Code   RO         3444    .ARM.Collect$$rtexit$$00000003  c_w.l(rtexit2.o)
    0x080002d0   0x080002d0   0x00000006   Code   RO         3445    .ARM.Collect$$rtexit$$00000004  c_w.l(rtexit2.o)
    0x080002d6   0x080002d6   0x00000002   PAD
    0x080002d8   0x080002d8   0x00000034   Code   RO         3089    .emb_text           c_w.l(rand.o)
    0x0800030c   0x0800030c   0x00000040   Code   RO         1233    .text               startup_stm32f40_41xxx.o
    0x0800034c   0x0800034c   0x00000002   Code   RO         3055    .text               c_w.l(use_no_semi_2.o)
    0x0800034e   0x0800034e   0x00000002   PAD
    0x08000350   0x08000350   0x00000024   Code   RO         3057    .text               c_w.l(c89vsprintf.o)
    0x08000374   0x08000374   0x00000018   Code   RO         3059    .text               c_w.l(__2printf.o)
    0x0800038c   0x0800038c   0x00000078   Code   RO         3065    .text               c_w.l(_printf_dec.o)
    0x08000404   0x08000404   0x00000188   Code   RO         3084    .text               c_w.l(__printf_flags_ss_wp.o)
    0x0800058c   0x0800058c   0x0000003c   Code   RO         3090    .text               c_w.l(rand.o)
    0x080005c8   0x080005c8   0x00000024   Code   RO         3094    .text               c_w.l(strstr.o)
    0x080005ec   0x080005ec   0x0000003e   Code   RO         3096    .text               c_w.l(strlen.o)
    0x0800062a   0x0800062a   0x00000096   Code   RO         3098    .text               c_w.l(strncmp.o)
    0x080006c0   0x080006c0   0x00000044   Code   RO         3100    .text               c_w.l(rt_memclr.o)
    0x08000704   0x08000704   0x00000006   Code   RO         3102    .text               c_w.l(heapauxi.o)
    0x0800070a   0x0800070a   0x00000002   Code   RO         3132    .text               c_w.l(use_no_semi.o)
    0x0800070c   0x0800070c   0x00000016   Code   RO         3135    .text               c_w.l(_rserrno.o)
    0x08000722   0x08000722   0x0000004e   Code   RO         3137    .text               c_w.l(_printf_pad.o)
    0x08000770   0x08000770   0x00000024   Code   RO         3139    .text               c_w.l(_printf_truncate.o)
    0x08000794   0x08000794   0x00000052   Code   RO         3141    .text               c_w.l(_printf_str.o)
    0x080007e6   0x080007e6   0x000000b2   Code   RO         3143    .text               c_w.l(_printf_intcommon.o)
    0x08000898   0x08000898   0x00000028   Code   RO         3145    .text               c_w.l(_printf_charcount.o)
    0x080008c0   0x080008c0   0x00000030   Code   RO         3147    .text               c_w.l(_printf_char_common.o)
    0x080008f0   0x080008f0   0x0000000a   Code   RO         3149    .text               c_w.l(_sputc.o)
    0x080008fa   0x080008fa   0x00000002   PAD
    0x080008fc   0x080008fc   0x00000024   Code   RO         3151    .text               c_w.l(_printf_char_file.o)
    0x08000920   0x08000920   0x000000bc   Code   RO         3153    .text               c_w.l(_printf_wctomb.o)
    0x080009dc   0x080009dc   0x0000007c   Code   RO         3156    .text               c_w.l(_printf_longlong_dec.o)
    0x08000a58   0x08000a58   0x00000070   Code   RO         3162    .text               c_w.l(_printf_oct_int_ll.o)
    0x08000ac8   0x08000ac8   0x00000094   Code   RO         3182    .text               c_w.l(_printf_hex_int_ll_ptr.o)
    0x08000b5c   0x08000b5c   0x0000004e   Code   RO         3207    .text               c_w.l(rt_memclr_w.o)
    0x08000baa   0x08000baa   0x00000002   PAD
    0x08000bac   0x08000bac   0x00000008   Code   RO         3336    .text               c_w.l(rt_errno_addr_intlibspace.o)
    0x08000bb4   0x08000bb4   0x0000008a   Code   RO         3338    .text               c_w.l(lludiv10.o)
    0x08000c3e   0x08000c3e   0x0000041e   Code   RO         3340    .text               c_w.l(_printf_fp_dec.o)
    0x0800105c   0x0800105c   0x0000002c   Code   RO         3344    .text               c_w.l(_printf_char.o)
    0x08001088   0x08001088   0x0000002c   Code   RO         3346    .text               c_w.l(_printf_wchar.o)
    0x080010b4   0x080010b4   0x00000008   Code   RO         3348    .text               c_w.l(ferror.o)
    0x080010bc   0x080010bc   0x00000040   Code   RO         3352    .text               c_w.l(_wcrtomb.o)
    0x080010fc   0x080010fc   0x00000008   Code   RO         3364    .text               c_w.l(libspace.o)
    0x08001104   0x08001104   0x0000004a   Code   RO         3367    .text               c_w.l(sys_stackheap_outer.o)
    0x0800114e   0x0800114e   0x00000002   PAD
    0x08001150   0x08001150   0x00000010   Code   RO         3369    .text               c_w.l(rt_ctype_table.o)
    0x08001160   0x08001160   0x00000008   Code   RO         3374    .text               c_w.l(rt_locale_intlibspace.o)
    0x08001168   0x08001168   0x00000080   Code   RO         3376    .text               c_w.l(_printf_fp_infnan.o)
    0x080011e8   0x080011e8   0x000000e4   Code   RO         3378    .text               c_w.l(bigflt0.o)
    0x080012cc   0x080012cc   0x00000012   Code   RO         3406    .text               c_w.l(exit.o)
    0x080012de   0x080012de   0x00000002   PAD
    0x080012e0   0x080012e0   0x00000080   Code   RO         3437    .text               c_w.l(strcmpv7m.o)
    0x08001360   0x08001360   0x0000003e   Code   RO         3381    CL$$btod_d2e        c_w.l(btod.o)
    0x0800139e   0x0800139e   0x00000046   Code   RO         3383    CL$$btod_d2e_denorm_low  c_w.l(btod.o)
    0x080013e4   0x080013e4   0x00000060   Code   RO         3382    CL$$btod_d2e_norm_op1  c_w.l(btod.o)
    0x08001444   0x08001444   0x00000338   Code   RO         3391    CL$$btod_div_common  c_w.l(btod.o)
    0x0800177c   0x0800177c   0x000000dc   Code   RO         3388    CL$$btod_e2e        c_w.l(btod.o)
    0x08001858   0x08001858   0x0000002a   Code   RO         3385    CL$$btod_ediv       c_w.l(btod.o)
    0x08001882   0x08001882   0x0000002a   Code   RO         3384    CL$$btod_emul       c_w.l(btod.o)
    0x080018ac   0x080018ac   0x00000244   Code   RO         3390    CL$$btod_mult_common  c_w.l(btod.o)
    0x08001af0   0x08001af0   0x0000002c   Code   RO          869    i.ADC1_Average_Data  mq2.o
    0x08001b1c   0x08001b1c   0x00000016   Code   RO         2819    i.ADC_Cmd           stm32f4xx_adc.o
    0x08001b32   0x08001b32   0x00000002   PAD
    0x08001b34   0x08001b34   0x00000030   Code   RO         2820    i.ADC_CommonInit    stm32f4xx_adc.o
    0x08001b64   0x08001b64   0x00000008   Code   RO         2831    i.ADC_GetConversionValue  stm32f4xx_adc.o
    0x08001b6c   0x08001b6c   0x00000012   Code   RO         2832    i.ADC_GetFlagStatus  stm32f4xx_adc.o
    0x08001b7e   0x08001b7e   0x00000002   PAD
    0x08001b80   0x08001b80   0x00000054   Code   RO         2839    i.ADC_Init          stm32f4xx_adc.o
    0x08001bd4   0x08001bd4   0x000000b8   Code   RO         2844    i.ADC_RegularChannelConfig  stm32f4xx_adc.o
    0x08001c8c   0x08001c8c   0x0000000a   Code   RO         2846    i.ADC_SoftwareStartConv  stm32f4xx_adc.o
    0x08001c96   0x08001c96   0x00000002   PAD
    0x08001c98   0x08001c98   0x0000003c   Code   RO          849    i.BEEP_Init         beep.o
    0x08001cd4   0x08001cd4   0x00000004   Code   RO          196    i.BusFault_Handler  stm32f4xx_it.o
    0x08001cd8   0x08001cd8   0x000000a6   Code   RO          542    i.Colourful_Wheel   ws2812.o
    0x08001d7e   0x08001d7e   0x00000002   PAD
    0x08001d80   0x08001d80   0x00000040   Code   RO         1084    i.Curtain_Init      motor.o
    0x08001dc0   0x08001dc0   0x00000094   Code   RO         1085    i.Curtain_control   motor.o
    0x08001e54   0x08001e54   0x00000060   Code   RO          350    i.DHT11_Check       dht11.o
    0x08001eb4   0x08001eb4   0x0000003c   Code   RO          351    i.DHT11_Init        dht11.o
    0x08001ef0   0x08001ef0   0x0000004c   Code   RO          352    i.DHT11_Read_Bit    dht11.o
    0x08001f3c   0x08001f3c   0x0000001e   Code   RO          353    i.DHT11_Read_Byte   dht11.o
    0x08001f5a   0x08001f5a   0x00000058   Code   RO          354    i.DHT11_Read_Data   dht11.o
    0x08001fb2   0x08001fb2   0x00000002   PAD
    0x08001fb4   0x08001fb4   0x00000040   Code   RO          355    i.DHT11_Rst         dht11.o
    0x08001ff4   0x08001ff4   0x00000034   Code   RO         2521    i.DMA_ClearFlag     stm32f4xx_dma.o
    0x08002028   0x08002028   0x00000016   Code   RO         2523    i.DMA_Cmd           stm32f4xx_dma.o
    0x0800203e   0x0800203e   0x00000002   PAD
    0x08002040   0x08002040   0x00000158   Code   RO         2524    i.DMA_DeInit        stm32f4xx_dma.o
    0x08002198   0x08002198   0x00000014   Code   RO         2528    i.DMA_GetCmdStatus  stm32f4xx_dma.o
    0x080021ac   0x080021ac   0x00000044   Code   RO         2532    i.DMA_GetFlagStatus  stm32f4xx_dma.o
    0x080021f0   0x080021f0   0x00000058   Code   RO         2535    i.DMA_Init          stm32f4xx_dma.o
    0x08002248   0x08002248   0x00000004   Code   RO         2538    i.DMA_SetCurrDataCounter  stm32f4xx_dma.o
    0x0800224c   0x0800224c   0x00000002   Code   RO          197    i.DebugMon_Handler  stm32f4xx_it.o
    0x0800224e   0x0800224e   0x00000002   PAD
    0x08002250   0x08002250   0x0000019c   Code   RO          400    i.ESP8266_Init      esp8266.o
    0x080023ec   0x080023ec   0x00000048   Code   RO         1086    i.FAN_Init          motor.o
    0x08002434   0x08002434   0x0000002c   Code   RO         1087    i.Fan_control       motor.o
    0x08002460   0x08002460   0x00000090   Code   RO         1284    i.GPIO_Init         stm32f4xx_gpio.o
    0x080024f0   0x080024f0   0x00000046   Code   RO         1285    i.GPIO_PinAFConfig  stm32f4xx_gpio.o
    0x08002536   0x08002536   0x00000004   Code   RO         1291    i.GPIO_ResetBits    stm32f4xx_gpio.o
    0x0800253a   0x0800253a   0x00000004   Code   RO         1292    i.GPIO_SetBits      stm32f4xx_gpio.o
    0x0800253e   0x0800253e   0x00000002   PAD
    0x08002540   0x08002540   0x00000030   Code   RO          870    i.Gas_analyze       mq2.o
    0x08002570   0x08002570   0x00000004   Code   RO          198    i.HardFault_Handler  stm32f4xx_it.o
    0x08002574   0x08002574   0x00000034   Code   RO          922    i.I2C_Start         oled.o
    0x080025a8   0x080025a8   0x00000024   Code   RO          923    i.I2C_Stop          oled.o
    0x080025cc   0x080025cc   0x0000002c   Code   RO          924    i.I2C_WaitAck       oled.o
    0x080025f8   0x080025f8   0x00000010   Code   RO          925    i.IIC_delay         oled.o
    0x08002608   0x08002608   0x00000038   Code   RO          330    i.LED_Init          led.o
    0x08002640   0x08002640   0x00000024   Code   RO          871    i.MQ2_ADC_Read      mq2.o
    0x08002664   0x08002664   0x00000080   Code   RO          872    i.MQ2_Init          mq2.o
    0x080026e4   0x080026e4   0x00000004   Code   RO          199    i.MemManage_Handler  stm32f4xx_it.o
    0x080026e8   0x080026e8   0x00000020   Code   RO          437    i.Meng              pwm.o
    0x08002708   0x08002708   0x00000020   Code   RO          438    i.Meng1             pwm.o
    0x08002728   0x08002728   0x00000020   Code   RO          439    i.Meng2             pwm.o
    0x08002748   0x08002748   0x00000002   Code   RO          200    i.NMI_Handler       stm32f4xx_it.o
    0x0800274a   0x0800274a   0x00000002   PAD
    0x0800274c   0x0800274c   0x00000078   Code   RO         1239    i.NVIC_Init         misc.o
    0x080027c4   0x080027c4   0x00000014   Code   RO         1240    i.NVIC_PriorityGroupConfig  misc.o
    0x080027d8   0x080027d8   0x00000030   Code   RO          926    i.OLED_Clear        oled.o
    0x08002808   0x08002808   0x00000078   Code   RO          933    i.OLED_DrawPoint    oled.o
    0x08002880   0x08002880   0x00000118   Code   RO          934    i.OLED_Init         oled.o
    0x08002998   0x08002998   0x00000068   Code   RO          936    i.OLED_Refresh      oled.o
    0x08002a00   0x08002a00   0x0000013c   Code   RO          938    i.OLED_ShowChar     oled.o
    0x08002b3c   0x08002b3c   0x00000104   Code   RO          939    i.OLED_ShowChinese  oled.o
    0x08002c40   0x08002c40   0x0000004e   Code   RO          942    i.OLED_ShowString   oled.o
    0x08002c8e   0x08002c8e   0x00000038   Code   RO          943    i.OLED_WR_Byte      oled.o
    0x08002cc6   0x08002cc6   0x00000002   Code   RO          201    i.PendSV_Handler    stm32f4xx_it.o
    0x08002cc8   0x08002cc8   0x00000920   Code   RO          401    i.ProcessMessage    esp8266.o
    0x080035e8   0x080035e8   0x00000020   Code   RO         1381    i.RCC_AHB1PeriphClockCmd  stm32f4xx_rcc.o
    0x08003608   0x08003608   0x00000020   Code   RO         1390    i.RCC_APB1PeriphClockCmd  stm32f4xx_rcc.o
    0x08003628   0x08003628   0x00000020   Code   RO         1392    i.RCC_APB1PeriphResetCmd  stm32f4xx_rcc.o
    0x08003648   0x08003648   0x00000020   Code   RO         1393    i.RCC_APB2PeriphClockCmd  stm32f4xx_rcc.o
    0x08003668   0x08003668   0x00000020   Code   RO         1395    i.RCC_APB2PeriphResetCmd  stm32f4xx_rcc.o
    0x08003688   0x08003688   0x000000e8   Code   RO         1402    i.RCC_GetClocksFreq  stm32f4xx_rcc.o
    0x08003770   0x08003770   0x00000030   Code   RO          543    i.RGB_BLACK         ws2812.o
    0x080037a0   0x080037a0   0x00000030   Code   RO          544    i.RGB_BLUE          ws2812.o
    0x080037d0   0x080037d0   0x00000030   Code   RO          545    i.RGB_BLUE1         ws2812.o
    0x08003800   0x08003800   0x0000007c   Code   RO          546    i.RGB_BLUE_Breathe  ws2812.o
    0x0800387c   0x0800387c   0x00000030   Code   RO          547    i.RGB_GREEN         ws2812.o
    0x080038ac   0x080038ac   0x00000030   Code   RO          548    i.RGB_GREEN1        ws2812.o
    0x080038dc   0x080038dc   0x0000007c   Code   RO          549    i.RGB_GREEN_Breathe  ws2812.o
    0x08003958   0x08003958   0x00000030   Code   RO          550    i.RGB_MAGENTA       ws2812.o
    0x08003988   0x08003988   0x00000030   Code   RO          551    i.RGB_ORANGE        ws2812.o
    0x080039b8   0x080039b8   0x00000030   Code   RO          552    i.RGB_PURPLE        ws2812.o
    0x080039e8   0x080039e8   0x00000030   Code   RO          553    i.RGB_PURPLE1       ws2812.o
    0x08003a18   0x08003a18   0x00000080   Code   RO          554    i.RGB_PURPLE_Breathe  ws2812.o
    0x08003a98   0x08003a98   0x00000030   Code   RO          555    i.RGB_RED           ws2812.o
    0x08003ac8   0x08003ac8   0x00000030   Code   RO          556    i.RGB_RED1          ws2812.o
    0x08003af8   0x08003af8   0x0000007c   Code   RO          557    i.RGB_RED_Breathe   ws2812.o
    0x08003b74   0x08003b74   0x00000030   Code   RO          558    i.RGB_SKY           ws2812.o
    0x08003ba4   0x08003ba4   0x00000030   Code   RO          559    i.RGB_SKY1          ws2812.o
    0x08003bd4   0x08003bd4   0x00000080   Code   RO          560    i.RGB_SKY_Breathe   ws2812.o
    0x08003c54   0x08003c54   0x00000030   Code   RO          561    i.RGB_WHITE         ws2812.o
    0x08003c84   0x08003c84   0x00000030   Code   RO          562    i.RGB_WHITE1        ws2812.o
    0x08003cb4   0x08003cb4   0x00000084   Code   RO          563    i.RGB_WHITE_Breathe  ws2812.o
    0x08003d38   0x08003d38   0x00000030   Code   RO          564    i.RGB_YELLOW        ws2812.o
    0x08003d68   0x08003d68   0x00000030   Code   RO          565    i.RGB_YELLOW1       ws2812.o
    0x08003d98   0x08003d98   0x00000080   Code   RO          566    i.RGB_YELLOW_Breathe  ws2812.o
    0x08003e18   0x08003e18   0x00000036   Code   RO          567    i.Random_Light      ws2812.o
    0x08003e4e   0x08003e4e   0x00000002   PAD
    0x08003e50   0x08003e50   0x00000038   Code   RO          568    i.Random_zm         ws2812.o
    0x08003e88   0x08003e88   0x00000018   Code   RO         2655    i.SPI_Cmd           stm32f4xx_spi.o
    0x08003ea0   0x08003ea0   0x00000012   Code   RO         2661    i.SPI_I2S_DMACmd    stm32f4xx_spi.o
    0x08003eb2   0x08003eb2   0x0000003c   Code   RO         2668    i.SPI_Init          stm32f4xx_spi.o
    0x08003eee   0x08003eee   0x00000002   Code   RO          202    i.SVC_Handler       stm32f4xx_it.o
    0x08003ef0   0x08003ef0   0x0000018c   Code   RO          402    i.SendMessage       esp8266.o
    0x0800407c   0x0800407c   0x0000004c   Code   RO          944    i.Send_Byte         oled.o
    0x080040c8   0x080040c8   0x000000ec   Code   RO          293    i.SetSysClock       system_stm32f4xx.o
    0x080041b4   0x080041b4   0x00000090   Code   RO          873    i.Smog_GetPPM       mq2.o
    0x08004244   0x08004244   0x00000058   Code   RO          874    i.Smog_Get_Vol      mq2.o
    0x0800429c   0x0800429c   0x00000028   Code   RO         1243    i.SysTick_CLKSourceConfig  misc.o
    0x080042c4   0x080042c4   0x00000002   Code   RO          203    i.SysTick_Handler   stm32f4xx_it.o
    0x080042c6   0x080042c6   0x00000002   PAD
    0x080042c8   0x080042c8   0x00000068   Code   RO          295    i.SystemInit        system_stm32f4xx.o
    0x08004330   0x08004330   0x000000c4   Code   RO          440    i.TIM3_PWM_Init     pwm.o
    0x080043f4   0x080043f4   0x00000034   Code   RO          822    i.TIM7_IRQHandler   timer.o
    0x08004428   0x08004428   0x00000054   Code   RO          823    i.TIM7_Int_Init     timer.o
    0x0800447c   0x0800447c   0x00000018   Code   RO         1963    i.TIM_ARRPreloadConfig  stm32f4xx_tim.o
    0x08004494   0x08004494   0x00000006   Code   RO         1970    i.TIM_ClearITPendingBit  stm32f4xx_tim.o
    0x0800449a   0x0800449a   0x00000018   Code   RO         1975    i.TIM_Cmd           stm32f4xx_tim.o
    0x080044b2   0x080044b2   0x00000022   Code   RO         1996    i.TIM_GetITStatus   stm32f4xx_tim.o
    0x080044d4   0x080044d4   0x00000012   Code   RO         2000    i.TIM_ITConfig      stm32f4xx_tim.o
    0x080044e6   0x080044e6   0x00000002   PAD
    0x080044e8   0x080044e8   0x0000007c   Code   RO         2004    i.TIM_OC1Init       stm32f4xx_tim.o
    0x08004564   0x08004564   0x00000012   Code   RO         2007    i.TIM_OC1PreloadConfig  stm32f4xx_tim.o
    0x08004576   0x08004576   0x00000002   PAD
    0x08004578   0x08004578   0x000000a4   Code   RO         2009    i.TIM_OC2Init       stm32f4xx_tim.o
    0x0800461c   0x0800461c   0x000000a0   Code   RO         2014    i.TIM_OC3Init       stm32f4xx_tim.o
    0x080046bc   0x080046bc   0x00000004   Code   RO         2037    i.TIM_SetCompare1   stm32f4xx_tim.o
    0x080046c0   0x080046c0   0x00000004   Code   RO         2038    i.TIM_SetCompare2   stm32f4xx_tim.o
    0x080046c4   0x080046c4   0x00000004   Code   RO         2039    i.TIM_SetCompare3   stm32f4xx_tim.o
    0x080046c8   0x080046c8   0x00000004   Code   RO         2041    i.TIM_SetCounter    stm32f4xx_tim.o
    0x080046cc   0x080046cc   0x00000084   Code   RO         2047    i.TIM_TimeBaseInit  stm32f4xx_tim.o
    0x08004750   0x08004750   0x00000a64   Code   RO          480    i.U3_ProcessMessage  usart3.o
    0x080051b4   0x080051b4   0x00000088   Code   RO         1183    i.USART1_IRQHandler  usart.o
    0x0800523c   0x0800523c   0x00000070   Code   RO          481    i.USART3_IRQHandler  usart3.o
    0x080052ac   0x080052ac   0x00000018   Code   RO         1775    i.USART_Cmd         stm32f4xx_usart.o
    0x080052c4   0x080052c4   0x000000f0   Code   RO         1777    i.USART_DeInit      stm32f4xx_usart.o
    0x080053b4   0x080053b4   0x0000001a   Code   RO         1778    i.USART_GetFlagStatus  stm32f4xx_usart.o
    0x080053ce   0x080053ce   0x00000054   Code   RO         1779    i.USART_GetITStatus  stm32f4xx_usart.o
    0x08005422   0x08005422   0x0000004a   Code   RO         1781    i.USART_ITConfig    stm32f4xx_usart.o
    0x0800546c   0x0800546c   0x000000d4   Code   RO         1782    i.USART_Init        stm32f4xx_usart.o
    0x08005540   0x08005540   0x0000000a   Code   RO         1789    i.USART_ReceiveData  stm32f4xx_usart.o
    0x0800554a   0x0800554a   0x00000008   Code   RO         1792    i.USART_SendData    stm32f4xx_usart.o
    0x08005552   0x08005552   0x00000004   Code   RO          204    i.UsageFault_Handler  stm32f4xx_it.o
    0x08005556   0x08005556   0x00000002   PAD
    0x08005558   0x08005558   0x00000140   Code   RO          569    i.WS2812b_Configuration  ws2812.o
    0x08005698   0x08005698   0x00000044   Code   RO          570    i.WarmLight         ws2812.o
    0x080056dc   0x080056dc   0x00000030   Code   RO         3301    i.__ARM_fpclassify  m_wm.l(fpclassify.o)
    0x0800570c   0x0800570c   0x00000004   PAD
    0x08005710   0x08005710   0x00000c50   Code   RO         3118    i.__hardfp_pow      m_wm.l(pow.o)
    0x08006360   0x08006360   0x000000f8   Code   RO         3303    i.__kernel_poly     m_wm.l(poly.o)
    0x08006458   0x08006458   0x00000030   Code   RO         3281    i.__mathlib_dbl_divzero  m_wm.l(dunder.o)
    0x08006488   0x08006488   0x00000014   Code   RO         3283    i.__mathlib_dbl_infnan2  m_wm.l(dunder.o)
    0x0800649c   0x0800649c   0x00000004   PAD
    0x080064a0   0x080064a0   0x00000020   Code   RO         3284    i.__mathlib_dbl_invalid  m_wm.l(dunder.o)
    0x080064c0   0x080064c0   0x00000020   Code   RO         3285    i.__mathlib_dbl_overflow  m_wm.l(dunder.o)
    0x080064e0   0x080064e0   0x00000020   Code   RO         3287    i.__mathlib_dbl_underflow  m_wm.l(dunder.o)
    0x08006500   0x08006500   0x0000000e   Code   RO         3077    i._is_digit         c_w.l(__printf_wp.o)
    0x0800650e   0x0800650e   0x00000004   Code   RO         1184    i._sys_exit         usart.o
    0x08006512   0x08006512   0x00000002   PAD
    0x08006514   0x08006514   0x00000038   Code   RO          571    i.blue              ws2812.o
    0x0800654c   0x0800654c   0x0000003c   Code   RO         1125    i.delay_init        delay.o
    0x08006588   0x08006588   0x00000038   Code   RO         1126    i.delay_ms          delay.o
    0x080065c0   0x080065c0   0x0000004c   Code   RO         1127    i.delay_us          delay.o
    0x0800660c   0x0800660c   0x0000004c   Code   RO         1128    i.delay_xms         delay.o
    0x08006658   0x08006658   0x00000018   Code   RO         3297    i.fabs              m_wm.l(fabs.o)
    0x08006670   0x08006670   0x0000001c   Code   RO         1185    i.fputc             usart.o
    0x0800668c   0x0800668c   0x00000038   Code   RO          573    i.green             ws2812.o
    0x080066c4   0x080066c4   0x00000038   Code   RO          574    i.magenta           ws2812.o
    0x080066fc   0x080066fc   0x000000a4   Code   RO            3    i.main              main.o
    0x080067a0   0x080067a0   0x00000038   Code   RO          575    i.orange            ws2812.o
    0x080067d8   0x080067d8   0x00000038   Code   RO          576    i.purple            ws2812.o
    0x08006810   0x08006810   0x0000005e   Code   RO          577    i.qchxd             ws2812.o
    0x0800686e   0x0800686e   0x0000004e   Code   RO          578    i.rainbowCycle      ws2812.o
    0x080068bc   0x080068bc   0x00000038   Code   RO          579    i.red               ws2812.o
    0x080068f4   0x080068f4   0x00000054   Code   RO          580    i.rgb_SendArray     ws2812.o
    0x08006948   0x08006948   0x000000bc   Code   RO          581    i.rgb_SetColor      ws2812.o
    0x08006a04   0x08006a04   0x00000038   Code   RO          582    i.sky               ws2812.o
    0x08006a3c   0x08006a3c   0x0000006e   Code   RO         3308    i.sqrt              m_wm.l(sqrt.o)
    0x08006aaa   0x08006aaa   0x00000002   PAD
    0x08006aac   0x08006aac   0x00000050   Code   RO          482    i.u3_printf         usart3.o
    0x08006afc   0x08006afc   0x000000ac   Code   RO         1186    i.uart_init         usart.o
    0x08006ba8   0x08006ba8   0x000000d8   Code   RO          483    i.usart3_init       usart3.o
    0x08006c80   0x08006c80   0x00000038   Code   RO          583    i.white             ws2812.o
    0x08006cb8   0x08006cb8   0x00000040   Code   RO          584    i.zmd               ws2812.o
    0x08006cf8   0x08006cf8   0x0000002c   Code   RO         3404    locale$$code        c_w.l(lc_numeric_c.o)
    0x08006d24   0x08006d24   0x0000002c   Code   RO         3431    locale$$code        c_w.l(lc_ctype_c.o)
    0x08006d50   0x08006d50   0x00000018   Code   RO         3254    x$fpl$basic         fz_wm.l(basic.o)
    0x08006d68   0x08006d68   0x00000062   Code   RO         3106    x$fpl$d2f           fz_wm.l(d2f.o)
    0x08006dca   0x08006dca   0x00000002   PAD
    0x08006dcc   0x08006dcc   0x00000150   Code   RO         3256    x$fpl$dadd          fz_wm.l(daddsub_clz.o)
    0x08006f1c   0x08006f1c   0x00000010   Code   RO         3356    x$fpl$dcheck1       fz_wm.l(dcheck1.o)
    0x08006f2c   0x08006f2c   0x00000018   Code   RO         3418    x$fpl$dcmpinf       fz_wm.l(dcmpi.o)
    0x08006f44   0x08006f44   0x000002b0   Code   RO         3263    x$fpl$ddiv          fz_wm.l(ddiv.o)
    0x080071f4   0x080071f4   0x0000002e   Code   RO         3109    x$fpl$dflt          fz_wm.l(dflt_clz.o)
    0x08007222   0x08007222   0x00000026   Code   RO         3108    x$fpl$dfltu         fz_wm.l(dflt_clz.o)
    0x08007248   0x08007248   0x00000078   Code   RO         3358    x$fpl$dleqf         fz_wm.l(dleqf.o)
    0x080072c0   0x080072c0   0x00000154   Code   RO         3114    x$fpl$dmul          fz_wm.l(dmul.o)
    0x08007414   0x08007414   0x0000009c   Code   RO         3266    x$fpl$dnaninf       fz_wm.l(dnaninf.o)
    0x080074b0   0x080074b0   0x0000000c   Code   RO         3268    x$fpl$dretinf       fz_wm.l(dretinf.o)
    0x080074bc   0x080074bc   0x0000006c   Code   RO         3270    x$fpl$drleqf        fz_wm.l(drleqf.o)
    0x08007528   0x08007528   0x00000016   Code   RO         3257    x$fpl$drsb          fz_wm.l(daddsub_clz.o)
    0x0800753e   0x0800753e   0x00000002   PAD
    0x08007540   0x08007540   0x00000198   Code   RO         3360    x$fpl$dsqrt         fz_wm.l(dsqrt_umaal.o)
    0x080076d8   0x080076d8   0x000001d4   Code   RO         3258    x$fpl$dsub          fz_wm.l(daddsub_clz.o)
    0x080078ac   0x080078ac   0x00000056   Code   RO         3116    x$fpl$f2d           fz_wm.l(f2d.o)
    0x08007902   0x08007902   0x0000008c   Code   RO         3272    x$fpl$fnaninf       fz_wm.l(fnaninf.o)
    0x0800798e   0x0800798e   0x0000000a   Code   RO         3362    x$fpl$fpinit        fz_wm.l(fpinit.o)
    0x08007998   0x08007998   0x0000000a   Code   RO         3274    x$fpl$fretinf       fz_wm.l(fretinf.o)
    0x080079a2   0x080079a2   0x00000004   Code   RO         3276    x$fpl$printf1       fz_wm.l(printf1.o)
    0x080079a6   0x080079a6   0x00000064   Code   RO         3422    x$fpl$retnan        fz_wm.l(retnan.o)
    0x08007a0a   0x08007a0a   0x0000005c   Code   RO         3278    x$fpl$scalbn        fz_wm.l(scalbn.o)
    0x08007a66   0x08007a66   0x00000030   Code   RO         3439    x$fpl$trapveneer    fz_wm.l(trapv.o)
    0x08007a96   0x08007a96   0x00000000   Code   RO         3280    x$fpl$usenofp       fz_wm.l(usenofp.o)
    0x08007a96   0x08007a96   0x00000033   Data   RO          586    .constdata          ws2812.o
    0x08007ac9   0x08007ac9   0x00001ef0   Data   RO          946    .constdata          oled.o
    0x080099b9   0x080099b9   0x00000011   Data   RO         3085    .constdata          c_w.l(__printf_flags_ss_wp.o)
    0x080099ca   0x080099ca   0x00000006   PAD
    0x080099d0   0x080099d0   0x00000088   Data   RO         3121    .constdata          m_wm.l(pow.o)
    0x08009a58   0x08009a58   0x00000008   Data   RO         3154    .constdata          c_w.l(_printf_wctomb.o)
    0x08009a60   0x08009a60   0x00000028   Data   RO         3183    .constdata          c_w.l(_printf_hex_int_ll_ptr.o)
    0x08009a88   0x08009a88   0x00000008   Data   RO         3305    .constdata          m_wm.l(qnan.o)
    0x08009a90   0x08009a90   0x00000094   Data   RO         3379    .constdata          c_w.l(bigflt0.o)
    0x08009b24   0x08009b24   0x0000034a   Data   RO          403    .conststring        esp8266.o
    0x08009e6e   0x08009e6e   0x00000002   PAD
    0x08009e70   0x08009e70   0x00000020   Data   RO         3500    Region$$Table       anon$$obj.o
    0x08009e90   0x08009e90   0x0000001c   Data   RO         3403    locale$$data        c_w.l(lc_numeric_c.o)
    0x08009eac   0x08009eac   0x00000110   Data   RO         3430    locale$$data        c_w.l(lc_ctype_c.o)


    Execution Region RW_IRAM1 (Exec base: 0x20000000, Load base: 0x08009fbc, Size: 0x00001750, Max: 0x00020000, ABSOLUTE)

    Exec Addr    Load Addr    Size         Type   Attr      Idx    E Section Name        Object

    0x20000000   0x08009fbc   0x00000004   Data   RW            4    .data               main.o
    0x20000004   0x08009fc0   0x0000000a   Data   RW          404    .data               esp8266.o
    0x2000000e   0x08009fca   0x00000004   Data   RW          485    .data               usart3.o
    0x20000012   0x08009fce   0x00000002   PAD
    0x20000014   0x08009fd0   0x00000007   Data   RW          587    .data               ws2812.o
    0x2000001b   0x08009fd7   0x00000001   PAD
    0x2000001c   0x08009fd8   0x00000004   Data   RW          875    .data               mq2.o
    0x20000020   0x08009fdc   0x00000001   Data   RW         1088    .data               motor.o
    0x20000021   0x08009fdd   0x00000001   PAD
    0x20000022   0x08009fde   0x00000004   Data   RW         1129    .data               delay.o
    0x20000026   0x08009fe2   0x00000002   PAD
    0x20000028   0x08009fe4   0x00000006   Data   RW         1188    .data               usart.o
    0x2000002e   0x08009fea   0x00000010   Data   RW         1434    .data               stm32f4xx_rcc.o
    0x2000003e   0x08009ffa   0x00000002   PAD
    0x20000040        -       0x00000064   Zero   RW          484    .bss                usart3.o
    0x200000a4        -       0x00000a20   Zero   RW          585    .bss                ws2812.o
    0x20000ac4        -       0x00000480   Zero   RW          945    .bss                oled.o
    0x20000f44        -       0x000000c8   Zero   RW         1187    .bss                usart.o
    0x2000100c        -       0x000000e4   Zero   RW         3091    .bss                c_w.l(rand.o)
    0x200010f0        -       0x00000060   Zero   RW         3365    .bss                c_w.l(libspace.o)
    0x20001150        -       0x00000200   Zero   RW         1231    HEAP                startup_stm32f40_41xxx.o
    0x20001350        -       0x00000400   Zero   RW         1230    STACK               startup_stm32f40_41xxx.o


==============================================================================

Image component sizes


      Code (inc. data)   RO Data    RW Data    ZI Data      Debug   Object Name

        60          4          0          0          0        504   beep.o
       268         16          0          4          0       2355   delay.o
       414         30          0          0          0       3836   dht11.o
      3144        856        842         10          0       3127   esp8266.o
        56          6          0          0          0        495   led.o
       164          8          0          4          0     316539   main.o
       180         24          0          0          0       1937   misc.o
       328         36          0          1          0       2349   motor.o
       488         62          0          4          0       3651   mq2.o
      1486         72       7920          0       1152       9590   oled.o
       292         26          0          0          0       2275   pwm.o
        64         26        392          0       1536        812   startup_stm32f40_41xxx.o
       374         24          0          0          0       5282   stm32f4xx_adc.o
       598         54          0          0          0       5362   stm32f4xx_dma.o
       222          0          0          0          0       2707   stm32f4xx_gpio.o
        26          0          0          0          0       3770   stm32f4xx_it.o
       392         48          0         16          0       5529   stm32f4xx_rcc.o
       102          0          0          0          0       2210   stm32f4xx_spi.o
       720         58          0          0          0       8961   stm32f4xx_tim.o
       678         42          0          0          0       5848   stm32f4xx_usart.o
       340         32          0          0          0       1377   system_stm32f4xx.o
       136         16          0          0          0       1138   timer.o
       340         28          0          6        200       4060   usart.o
      3068        712          0          4        100       4742   usart3.o
      3324        216         51          7       2592      26048   ws2812.o

    ----------------------------------------------------------------------
     17294       2396       9239         64       5580     424504   Object Totals
         0          0         32          0          0          0   (incl. Generated)
        30          0          2          8          0          0   (incl. Padding)

    ----------------------------------------------------------------------

      Code (inc. data)   RO Data    RW Data    ZI Data      Debug   Library Member Name

        24          4          0          0          0         84   __2printf.o
         8          0          0          0          0         68   __main.o
       392          4         17          0          0         92   __printf_flags_ss_wp.o
        14          0          0          0          0         68   __printf_wp.o
         0          0          0          0          0          0   __rtentry.o
        12          0          0          0          0          0   __rtentry2.o
         6          0          0          0          0          0   __rtentry4.o
        52          8          0          0          0          0   __scatter.o
        26          0          0          0          0          0   __scatter_copy.o
        28          0          0          0          0          0   __scatter_zi.o
         6          0          0          0          0          0   _printf_a.o
         6          0          0          0          0          0   _printf_c.o
        44          0          0          0          0        108   _printf_char.o
        48          6          0          0          0         96   _printf_char_common.o
        36          4          0          0          0         80   _printf_char_file.o
        40          0          0          0          0         68   _printf_charcount.o
         6          0          0          0          0          0   _printf_d.o
       120         16          0          0          0         92   _printf_dec.o
         6          0          0          0          0          0   _printf_e.o
         6          0          0          0          0          0   _printf_f.o
      1054          0          0          0          0        216   _printf_fp_dec.o
       128         16          0          0          0         84   _printf_fp_infnan.o
         6          0          0          0          0          0   _printf_g.o
       148          4         40          0          0        160   _printf_hex_int_ll_ptr.o
         6          0          0          0          0          0   _printf_i.o
       178          0          0          0          0         88   _printf_intcommon.o
        10          0          0          0          0          0   _printf_l.o
         6          0          0          0          0          0   _printf_lc.o
        10          0          0          0          0          0   _printf_ll.o
         6          0          0          0          0          0   _printf_lld.o
         6          0          0          0          0          0   _printf_lli.o
         6          0          0          0          0          0   _printf_llo.o
         6          0          0          0          0          0   _printf_llu.o
         6          0          0          0          0          0   _printf_llx.o
       124         16          0          0          0         92   _printf_longlong_dec.o
         6          0          0          0          0          0   _printf_ls.o
         6          0          0          0          0          0   _printf_n.o
         6          0          0          0          0          0   _printf_o.o
       112         10          0          0          0        124   _printf_oct_int_ll.o
         6          0          0          0          0          0   _printf_p.o
        78          0          0          0          0        108   _printf_pad.o
         0          0          0          0          0          0   _printf_percent.o
         4          0          0          0          0          0   _printf_percent_end.o
         6          0          0          0          0          0   _printf_s.o
        82          0          0          0          0         80   _printf_str.o
        36          0          0          0          0         84   _printf_truncate.o
         6          0          0          0          0          0   _printf_u.o
        44          0          0          0          0        108   _printf_wchar.o
       188          6          8          0          0         92   _printf_wctomb.o
         6          0          0          0          0          0   _printf_x.o
        22          0          0          0          0        100   _rserrno.o
        10          0          0          0          0         68   _sputc.o
        64          0          0          0          0         92   _wcrtomb.o
       228          4        148          0          0         96   bigflt0.o
      1936        128          0          0          0        672   btod.o
        36          4          0          0          0         76   c89vsprintf.o
        18          0          0          0          0         80   exit.o
         8          0          0          0          0         68   ferror.o
         6          0          0          0          0        152   heapauxi.o
        44         10        272          0          0         76   lc_ctype_c.o
        44         10         28          0          0         76   lc_numeric_c.o
         2          0          0          0          0          0   libinit.o
        38          0          0          0          0          0   libinit2.o
         2          0          0          0          0          0   libshutdown.o
         2          0          0          0          0          0   libshutdown2.o
         8          4          0          0         96         68   libspace.o
       138          0          0          0          0         80   lludiv10.o
       112         18          0          0        228        160   rand.o
        16          4          0          0          0         76   rt_ctype_table.o
         8          4          0          0          0         68   rt_errno_addr_intlibspace.o
         8          4          0          0          0         68   rt_locale_intlibspace.o
        68          0          0          0          0         68   rt_memclr.o
        78          0          0          0          0         80   rt_memclr_w.o
         2          0          0          0          0          0   rtexit.o
        10          0          0          0          0          0   rtexit2.o
       128          0          0          0          0         68   strcmpv7m.o
        62          0          0          0          0         76   strlen.o
       150          0          0          0          0         80   strncmp.o
        36          0          0          0          0         80   strstr.o
        74          0          0          0          0         80   sys_stackheap_outer.o
         2          0          0          0          0         68   use_no_semi.o
         2          0          0          0          0         68   use_no_semi_2.o
        24          0          0          0          0        164   basic.o
        98          4          0          0          0        140   d2f.o
       826         16          0          0          0        492   daddsub_clz.o
        16          4          0          0          0        116   dcheck1.o
        24          0          0          0          0        116   dcmpi.o
       688        140          0          0          0        256   ddiv.o
        84          0          0          0          0        232   dflt_clz.o
       120          4          0          0          0        140   dleqf.o
       340         12          0          0          0        152   dmul.o
       156          4          0          0          0        140   dnaninf.o
        12          0          0          0          0        116   dretinf.o
       108          0          0          0          0        128   drleqf.o
       408         56          0          0          0        168   dsqrt_umaal.o
        86          4          0          0          0        132   f2d.o
       140          4          0          0          0        132   fnaninf.o
        10          0          0          0          0        116   fpinit.o
        10          0          0          0          0        116   fretinf.o
         4          0          0          0          0        116   printf1.o
       100          0          0          0          0        116   retnan.o
        92          0          0          0          0        116   scalbn.o
        48          0          0          0          0        116   trapv.o
         0          0          0          0          0          0   usenofp.o
       164         44          0          0          0        620   dunder.o
        24          0          0          0          0        124   fabs.o
        48          0          0          0          0        124   fpclassify.o
       248          0          0          0          0        152   poly.o
      3152        296        136          0          0        352   pow.o
         0          0          8          0          0          0   qnan.o
       110          0          0          0          0        148   sqrt.o

    ----------------------------------------------------------------------
     13696        872        663          0        324       9576   Library Totals
        28          0          6          0          0          0   (incl. Padding)

    ----------------------------------------------------------------------

      Code (inc. data)   RO Data    RW Data    ZI Data      Debug   Library Name

      6528        284        513          0        324       4736   c_w.l
      3394        248          0          0          0       3320   fz_wm.l
      3746        340        144          0          0       1520   m_wm.l

    ----------------------------------------------------------------------
     13696        872        663          0        324       9576   Library Totals

    ----------------------------------------------------------------------

==============================================================================


      Code (inc. data)   RO Data    RW Data    ZI Data      Debug   

     30990       3268       9902         64       5904     412928   Grand Totals
     30990       3268       9902         64       5904     412928   ELF Image Totals
     30990       3268       9902         64          0          0   ROM Totals

==============================================================================

    Total RO  Size (Code + RO Data)                40892 (  39.93kB)
    Total RW  Size (RW Data + ZI Data)              5968 (   5.83kB)
    Total ROM Size (Code + RO Data + RW Data)      40956 (  40.00kB)

==============================================================================

